
 Start         Length     Name                   Class
 0001:00000000 0004260CH .text                   CODE
 0002:00000000 00000D70H .data                   DATA
 0002:00000D70 00000829H .bss                    BSS


Detailed map of segments

 0001:00000000 00004E64 C=CODE     S=.text    G=(none)   M=System   ACBP=A9
 0001:00004E64 00000174 C=CODE     S=.text    G=(none)   M=SysInit  ACBP=A9
 0001:00004FD8 00000A54 C=CODE     S=.text    G=(none)   M=Windows  ACBP=A9
 0001:00005A2C 00000038 C=CODE     S=.text    G=(none)   M=Messages ACBP=A9
 0001:00005A64 000002C8 C=CODE     S=.text    G=(none)   M=SysConst ACBP=A9
 0001:00005D2C 00003F2C C=CODE     S=.text    G=(none)   M=SysUtils ACBP=A9
 0001:00009C58 00000040 C=CODE     S=.text    G=(none)   M=ActiveX  ACBP=A9
 0001:00009C98 00000308 C=CODE     S=.text    G=(none)   M=Consts   ACBP=A9
 0001:00009FA0 00000540 C=CODE     S=.text    G=(none)   M=TypInfo  ACBP=A9
 0001:0000A4E0 00007A9F C=CODE     S=.text    G=(none)   M=Classes  ACBP=A9
 0001:00011F80 00006F8B C=CODE     S=.text    G=(none)   M=Graphics ACBP=A9
 0001:00018F0C 000001C4 C=CODE     S=.text    G=(none)   M=Contnrs  ACBP=A9
 0001:000190D0 000000F4 C=CODE     S=.text    G=(none)   M=Commctrl ACBP=A9
 0001:000191C4 00000793 C=CODE     S=.text    G=(none)   M=MultiMon ACBP=A9
 0001:00019958 00000038 C=CODE     S=.text    G=(none)   M=Imm      ACBP=A9
 0001:00019990 00000040 C=CODE     S=.text    G=(none)   M=Math     ACBP=A9
 0001:000199D0 00000038 C=CODE     S=.text    G=(none)   M=WinSpool ACBP=A9
 0001:00019A08 00000044 C=CODE     S=.text    G=(none)   M=Printers ACBP=A9
 0001:00019A4C 0000031F C=CODE     S=.text    G=(none)   M=FlatSB   ACBP=A9
 0001:00019D6C 00002E74 C=CODE     S=.text    G=(none)   M=StdCtrls ACBP=A9
 0001:0001CBE0 00000094 C=CODE     S=.text    G=(none)   M=Clipbrd  ACBP=A9
 0001:0001CC74 0000015C C=CODE     S=.text    G=(none)   M=StdActns ACBP=A9
 0001:0001CDD0 0000F230 C=CODE     S=.text    G=(none)   M=Controls ACBP=A9
 0001:0002C000 00000E28 C=CODE     S=.text    G=(none)   M=ActnList ACBP=A9
 0001:0002CE28 00001490 C=CODE     S=.text    G=(none)   M=ImgList  ACBP=A9
 0001:0002E2B8 000061D7 C=CODE     S=.text    G=(none)   M=Menus    ACBP=A9
 0001:00034490 0000C03B C=CODE     S=.text    G=(none)   M=Forms    ACBP=A9
 0001:000404CC 00000038 C=CODE     S=.text    G=(none)   M=ShellAPI ACBP=A9
 0001:00040504 00000038 C=CODE     S=.text    G=(none)   M=RegStr   ACBP=A9
 0001:0004053C 00000038 C=CODE     S=.text    G=(none)   M=WinInet  ACBP=A9
 0001:00040574 00000038 C=CODE     S=.text    G=(none)   M=UrlMon   ACBP=A9
 0001:000405AC 00000038 C=CODE     S=.text    G=(none)   M=ShlObj   ACBP=A9
 0001:000405E4 00000038 C=CODE     S=.text    G=(none)   M=CommDlg  ACBP=A9
 0001:0004061C 00000038 C=CODE     S=.text    G=(none)   M=ExtCtrls ACBP=A9
 0001:00040654 00000038 C=CODE     S=.text    G=(none)   M=Dlgs     ACBP=A9
 0001:0004068C 0000026D C=CODE     S=.text    G=(none)   M=Dialogs  ACBP=A9
 0001:000408FC 000013FC C=CODE     S=.text    G=(none)   M=Pipes    ACBP=A9
 0001:00041CF8 00000764 C=CODE     S=.text    G=(none)   M=Unit1    ACBP=A9
 0001:0004245C 000001AD C=CODE     S=.text    G=(none)   M=Project1 ACBP=A9
 0002:00000000 000000A2 C=DATA     S=.data    G=DGROUP   M=System   ACBP=A9
 0002:000000A4 00000018 C=DATA     S=.data    G=DGROUP   M=SysInit  ACBP=A9
 0002:000000BC 000001F0 C=DATA     S=.data    G=DGROUP   M=SysUtils ACBP=A9
 0002:000002AC 00000010 C=DATA     S=.data    G=DGROUP   M=TypInfo  ACBP=A9
 0002:000002BC 00000084 C=DATA     S=.data    G=DGROUP   M=Classes  ACBP=A9
 0002:00000340 000002B4 C=DATA     S=.data    G=DGROUP   M=Graphics ACBP=A9
 0002:000005F4 00000004 C=DATA     S=.data    G=DGROUP   M=Printers ACBP=A9
 0002:000005F8 0000004C C=DATA     S=.data    G=DGROUP   M=StdCtrls ACBP=A9
 0002:00000644 0000012C C=DATA     S=.data    G=DGROUP   M=Controls ACBP=A9
 0002:00000770 00000020 C=DATA     S=.data    G=DGROUP   M=ImgList  ACBP=A9
 0002:00000790 000000EC C=DATA     S=.data    G=DGROUP   M=Menus    ACBP=A9
 0002:0000087C 0000013C C=DATA     S=.data    G=DGROUP   M=Forms    ACBP=A9
 0002:000009B8 00000070 C=DATA     S=.data    G=DGROUP   M=Dialogs  ACBP=A9
 0002:00001000 000004CC C=BSS      S=.bss     G=DGROUP   M=System   ACBP=A9
 0002:000014CC 00000018 C=BSS      S=.bss     G=DGROUP   M=SysInit  ACBP=A9
 0002:000014E4 00000004 C=BSS      S=.bss     G=DGROUP   M=Windows  ACBP=A9
 0002:000014E8 00000004 C=BSS      S=.bss     G=DGROUP   M=Messages ACBP=A9
 0002:000014EC 00000004 C=BSS      S=.bss     G=DGROUP   M=SysConst ACBP=A9
 0002:000014F0 00000118 C=BSS      S=.bss     G=DGROUP   M=SysUtils ACBP=A9
 0002:00001608 00000004 C=BSS      S=.bss     G=DGROUP   M=ActiveX  ACBP=A9
 0002:0000160C 00000004 C=BSS      S=.bss     G=DGROUP   M=Consts   ACBP=A9
 0002:00001610 00000004 C=BSS      S=.bss     G=DGROUP   M=TypInfo  ACBP=A9
 0002:00001614 0000003C C=BSS      S=.bss     G=DGROUP   M=Classes  ACBP=A9
 0002:00001650 00000060 C=BSS      S=.bss     G=DGROUP   M=Graphics ACBP=A9
 0002:000016B0 00000004 C=BSS      S=.bss     G=DGROUP   M=Contnrs  ACBP=A9
 0002:000016B4 00000004 C=BSS      S=.bss     G=DGROUP   M=Commctrl ACBP=A9
 0002:000016B8 00000031 C=BSS      S=.bss     G=DGROUP   M=MultiMon ACBP=A9
 0002:000016EC 00000004 C=BSS      S=.bss     G=DGROUP   M=Imm      ACBP=A9
 0002:000016F0 00000004 C=BSS      S=.bss     G=DGROUP   M=Math     ACBP=A9
 0002:000016F4 00000004 C=BSS      S=.bss     G=DGROUP   M=WinSpool ACBP=A9
 0002:000016F8 00000004 C=BSS      S=.bss     G=DGROUP   M=Printers ACBP=A9
 0002:000016FC 00000034 C=BSS      S=.bss     G=DGROUP   M=FlatSB   ACBP=A9
 0002:00001730 00000004 C=BSS      S=.bss     G=DGROUP   M=StdCtrls ACBP=A9
 0002:00001734 0000000C C=BSS      S=.bss     G=DGROUP   M=Clipbrd  ACBP=A9
 0002:00001740 00000004 C=BSS      S=.bss     G=DGROUP   M=StdActns ACBP=A9
 0002:00001744 00000070 C=BSS      S=.bss     G=DGROUP   M=Controls ACBP=A9
 0002:000017B4 00000004 C=BSS      S=.bss     G=DGROUP   M=ActnList ACBP=A9
 0002:000017B8 00000004 C=BSS      S=.bss     G=DGROUP   M=ImgList  ACBP=A9
 0002:000017BC 00000010 C=BSS      S=.bss     G=DGROUP   M=Menus    ACBP=A9
 0002:000017CC 00000024 C=BSS      S=.bss     G=DGROUP   M=Forms    ACBP=A9
 0002:000017F0 00000004 C=BSS      S=.bss     G=DGROUP   M=ShellAPI ACBP=A9
 0002:000017F4 00000004 C=BSS      S=.bss     G=DGROUP   M=RegStr   ACBP=A9
 0002:000017F8 00000004 C=BSS      S=.bss     G=DGROUP   M=WinInet  ACBP=A9
 0002:000017FC 00000004 C=BSS      S=.bss     G=DGROUP   M=UrlMon   ACBP=A9
 0002:00001800 00000004 C=BSS      S=.bss     G=DGROUP   M=ShlObj   ACBP=A9
 0002:00001804 00000004 C=BSS      S=.bss     G=DGROUP   M=CommDlg  ACBP=A9
 0002:00001808 00000004 C=BSS      S=.bss     G=DGROUP   M=ExtCtrls ACBP=A9
 0002:0000180C 00000004 C=BSS      S=.bss     G=DGROUP   M=Dlgs     ACBP=A9
 0002:00001810 0000000C C=BSS      S=.bss     G=DGROUP   M=Dialogs  ACBP=A9
 0002:0000181C 00000004 C=BSS      S=.bss     G=DGROUP   M=Pipes    ACBP=A9
 0002:00001820 00000008 C=BSS      S=.bss     G=DGROUP   M=Unit1    ACBP=A9


  Address         Publics by Name

 0001:000045E0       .
 0001:00004300       .
 0001:000091D0       .
 0002:00000060       .
 0002:0000181C       .01
 0002:00001810       .01
 0002:00001740       .02
 0002:00001800       .1
 0002:00001804       .1
 0002:0000171C       .1
 0002:000016EC       .1
 0002:000016B4       .1
 0002:0000180C       .1
 0002:000014E8       .1
 0002:000014EC       .1
 0002:000014DC       .1
 0002:000017FC       .1
 0002:000017F8       .1
 0002:000017F4       .1
 0002:000017F0       .1
 0002:0000160C       .1
 0002:000016D8       .1
 0002:00001738       .2
 0002:000016F0       .2
 0002:00001824       .2
 0002:00001730       .22
 0002:0000174C       .22
 0002:000016F4       .3
 0002:000016F8       .3
 0002:00001428       .3
 0002:00001608       .3
 0002:000014E4       .3
 0002:000017B8       .3
 0002:000015F8       .44
 0002:00001610       .5
 0002:000017D4       .51
 0002:00001808       .61
 0002:000017B4       .7
 0002:00001654       .81
 0002:0000161C       .84
 0002:000016B0       .9
 0002:000017C4       .9
 0001:00001840       @AbstractError
 0001:00001FA8       @AfterConstruction
 0001:00004629       @Append
 0001:00001DF8       @AsClass
 0001:00004502       @Assign
 0001:00001910       @AStrCmp
 0001:00001FB0       @BeforeDestruction
 0001:00001E44       @CallDynaInst
 0001:00001F50       @ClassCreate
 0001:00001FA0       @ClassDestroy
 0001:000045A4       @Close
 0001:000033CC       @CopyArray
 0001:000032B0       @CopyRecord
 0001:00002418       @DoneExcept
 0001:00003C30       @DynArrayAsg
 0001:00003BF4       @DynArrayClear
 0001:00003A34       @DynArrayHigh
 0001:00003A2C       @DynArrayLength
 0001:00003BE8       @DynArraySetLength
 0001:0000250C       @ExceptionHandler
 0001:00001980       @FillChar
 0001:000032A4       @Finalize
 0001:000031BC       @FinalizeArray
 0001:00003190       @FinalizeRecord
 0001:0000457D       @Flush
 0001:00001BA4       @FpuInit
 0001:00001AE0       @FpuMaskInit
 0001:000016F4       @FreeMem
 0001:000016DC       @GetMem
 0001:00004EDC       @GetTls
 0001:000028C0       @Halt
 0001:000027A0       @Halt0
 0001:000020BC       @HandleAnyException
 0001:00002370       @HandleFinally
 0001:000021E8       @HandleOnException
 0001:00004F6C       @InitExe
 0001:00003184       @Initialize
 0001:000030F0       @InitializeArray
 0001:000030C4       @InitializeRecord
 0001:000026FC       @InitImports
 0001:000026E0       @InitResStringImports
 0001:0000425C       @IntfAddRef
 0001:00004228       @IntfClear
 0001:00004240       @IntfCopy
 0001:00001DE0       @IsClass
 0001:00001AB0       @isNECWindows
 0001:00002D90       @LStrAddRef
 0001:00002980       @LStrArrayClr
 0001:000029B0       @LStrAsg
 0001:00002BE4       @LStrCat
 0001:00002C28       @LStrCat3
 0001:00002C9C       @LStrCatN
 0001:0000295C       @LStrClr
 0001:00002CEC       @LStrCmp
 0001:00002DE4       @LStrCopy
 0001:00002E24       @LStrDelete
 0001:00002B8C       @LStrFromArray
 0001:00002B04       @LStrFromChar
 0001:00002B14       @LStrFromPChar
 0001:00002A44       @LStrFromPCharLen
 0001:00002B44       @LStrFromPWChar
 0001:00002A74       @LStrFromPWCharLen
 0001:00002B80       @LStrFromString
 0001:00002BA4       @LStrFromWStr
 0001:00002E6C       @LStrInsert
 0001:000029F4       @LStrLAsg
 0001:00002BDC       @LStrLen
 0001:00002EC8       @LStrSetLength
 0001:00002DA0       @LStrToPChar
 0001:00002BB8       @LStrToString
 0001:00002A20       @NewAnsiString
 0001:00003068       @NewWideString
 0001:000047A8       @Pow10
 0001:0000188C       @PStrCmp
 0001:0000185C       @PStrNCpy
 0001:000023C4       @RaiseAgain
 0001:000023A8       @RaiseExcept
 0001:0000170C       @ReallocMem
 0001:0000461B       @ResetText
 0001:00004622       @RewritText
 0001:00001834       @ROUND
 0001:000028CC       @RunError
 0001:000026B0       @StartExe
 0001:00002448       @TryFinallyExit
 0001:000019A0       @ValLong
 0001:00003A08       @VarAddRef
 0001:0000385C       @VarCast
 0001:00003604       @VarClear
 0001:00003A00       @VarClr
 0001:00003648       @VarCopy
 0001:0000398C       @VarFromLStr
 0001:000039CC       @VarFromWStr
 0001:00003950       @VarToLStr
 0001:0000470F       @Write0Char
 0001:00004778       @Write0CString
 0001:000046D4       @Write0String
 0001:00004630       @WriteBytes
 0001:00004761       @WriteChar
 0001:0000477C       @WriteCString
 0001:000046FB       @WriteLn
 0001:0000469B       @WriteSpaces
 0001:000046DE       @WriteString
 0001:00002F5C       @WStrArrayClr
 0001:00002F80       @WStrAsg
 0001:00002F44       @WStrClr
 0001:0000304C       @WStrFromLStr
 0001:00002FA4       @WStrFromPCharLen
 0001:00003028       @WStrFromPWCharLen
 0001:0000305C       @WStrLen
 0001:00003080       @WStrSetLength
 0001:00001A84       @_CLenToPasStr
 0001:00001A6C       @_CToPasStr
 0001:00004558       @_Flush
 0001:000017AC       @_IOTest
 0001:00004AC2       @_lldiv
 0001:00004B3A       @_lldivo
 0001:00004BB5       @_llmod
 0001:00004C2F       @_llmodo
 0001:00004A7C       @_llmul
 0001:00004A9F       @_llmulo
 0001:00004CAF       @_llshl
 0001:00004B6C       @_lludiv
 0001:00004C61       @_llumod
 0001:00004CE7       @_llushr
 0001:0001F280       AbsMin
 0001:000080BC       AbstractErrorHandler
 0002:00001018       AbstractErrorProc
 0002:00000100       AccessMode
 0001:00005380       ActivateKeyboardLayout
 0002:00001774       ActiveDrag
 0001:00009C90       ActiveX
 0001:0002CE20       ActnList
 0001:00000414       AddBlockAfter
 0001:000068D8       AddExitProc
 0001:0000E434       AddFinished
 0001:0002FDBC       AddIn
 0001:00004064       AddModuleUnloadProc
 0001:00004074       AddModuleUnloadProc
 0001:0000E46C       AddNotFinished
 0001:00010BF4       AddThread
 0001:0001541C       AdjustColor
 0001:0003725C       Adjustment
 0001:00005388       AdjustWindowRectEx
 0002:00000864       Alignments
 0002:00000600       Alignments
 0002:00000854       Alignments
 0001:000241AC       AlignWork
 0001:0003DB04       AlignWork
 0001:00036C88       AllocateHWnd
 0001:00010B6C       AllocateWindow
 0001:0000688C       AllocMem
 0002:00001420       AllocMemCount
 0002:00001424       AllocMemSize
 0001:00018D04       AllocPatternBitmap
 0002:0000064C       AnchorAlign
 0001:000069E4       AnsiCompareText
 0001:00006C64       AnsiLastChar
 0001:00005390       AnsiLower
 0001:00008668       AnsiPos
 0001:000342C4       AnsiSameCaption
 0001:00006A1C       AnsiSameText
 0001:00006A58       AnsiStrLIComp
 0001:000086A0       AnsiStrPos
 0001:00008740       AnsiStrRScan
 0001:00008768       AnsiStrScan
 0001:000036E4       AnyChangeType
 0002:000017CC       Application
 0002:000009B0       AppVisible
 0001:000080A0       AssertErrorHandler
 0002:00001014       AssertErrorProc
 0001:0000A1FC       AssignLongStr
 0001:0000A3C0       AssignVariant
 0001:0000A250       AssignWideStr
 0002:00001474       avail
 0001:00006D1C       BackfillGetDiskFreeSpaceEx
 0001:00021B80       BackgroundClipped
 0001:0000BE58       BeginGlobalLoading
 0001:00005398       BeginPaint
 0001:00002910       BeginThread
 0001:00015428       BetterSize
 0001:00030B4C       BiDiDraw
 0001:000051D0       BitBlt
 0002:000005A8       BitmapCanvasList
 0002:0000166C       BitmapImageLock
 0002:00000898       BlockCode
 0002:0000144C       blockDescBlockList
 0002:00001450       blockDescFreeList
 0002:000002AC       BooleanIdents
 0002:00000908       BorderStyles
 0002:000005F8       BorderStyles
 0001:0000B7E8       Bounds
 0002:000007FC       Breaks
 0002:000016A4       BrushManager
 0001:000420A0       BufferToString
 0001:000330D0       BuildImage
 0002:000009FC       ButtonCaptions
 0002:000009D0       ButtonNames
 0002:00000878       Buttons
 0002:0000063C       ButtonStyles
 0001:00014C08       BytesPerScanline
 0001:00014F60       ByteSwapColors
 0001:0000862C       ByteType
 0001:000085B4       ByteTypeTest
 0002:000002B8       C10000
 0001:00036BC4       CalcJmpOffset
 0001:0002B458       CalcSplitterPos
 0001:000053A0       CallNextHookEx
 0001:00008C80       CallTerminateProcs
 0001:000053A8       CallWindowProc
 0001:000201F8       CancelDrag
 0001:00004FF0       CancelIo
 0002:00001784       CanvasList
 0002:000016A8       CanvasList
 0002:000009BC       Captions
 0002:00000704       CaptureControl
 0002:0000079C       cBooleanToItemAutoFlag
 0002:00001736       CF_COMPONENT
 0002:00001734       CF_PICTURE
 0002:000013E8       ChangeAnyProc
 0001:0001E92C       ChangeBiDiModeAlignment
 0001:00003750       ChangeSourceAny
 0002:00000620       CharCases
 0001:00000238       CharNext
 0001:00013588       CharsetToIdent
 0001:000159D8       CheckBool
 0001:00002038       CheckJmp
 0001:000053B0       CheckMenuItem
 0002:000007EC       Checks
 0001:00036AD4       CheckTaskWindow
 0001:0001FF28       CheckUndock
 0002:000007A0       cItemAutoFlagToBoolean
 0002:00000798       cItemAutoFlagToMenu
 0002:00001624       ClassAliasList
 0001:00011F0C       Classes
 0002:00001620       ClassList
 0001:0000B810       ClassNotFound
 0002:000013E4       ClearAnyProc
 0001:00012F00       ClearColor
 0001:000053B8       ClientToScreen
 0001:00028EC0       ClientToWindow
 0002:000005A0       ClipboardFormats
 0001:0001CC1C       Clipbrd
 0001:00004FF8       CloseHandle
 0001:000001D8       CloseHandle
 0002:0000102C       CmdLine
 0002:00001028       CmdShow
 0002:00000794       cMenuAutoFlagToItem
 0002:00000370       Colors
 0001:00013380       ColorToIdent
 0001:00013370       ColorToRGB
 0002:000017C8       CommandPool
 0001:000191BC       Commctrl
 0001:00040614       CommDlg
 0001:000006F4       Commit
 0002:00001490       committedRoot
 0001:0002F42C       CompareFront
 0001:0000694C       CompareMem
 0001:00005000       CompareString
 0001:0000696C       CompareText
 0001:0000EDF0       ComponentCreated
 0001:00005008       ConnectNamedPipe
 0001:00009F98       Consts
 0001:000190C8       Contnrs
 0002:00001752       ControlAtom
 0001:0002BFDC       Controls
 0001:00007B5C       ConvertAddr
 0001:0000682C       ConvertErrorFmt
 0001:00003A3C       CopyArray
 0001:000164AC       CopyBitmap
 0001:00016B6C       CopyBitmapAsMask
 0001:00016B08       CopyPalette
 0001:0003226C       CopyToBest
 0002:00001684       CounterLock
 0001:00007FE4       CreateAssertException
 0001:0000817C       CreateAVObject
 0001:000051D8       CreateBitmap
 0001:000051E0       CreateBrushIndirect
 0001:000051E8       CreateCompatibleBitmap
 0001:000051F0       CreateCompatibleDC
 0001:0000EE70       CreateComponent
 0001:00005200       CreateDIBitmap
 0001:000051F8       CreateDIBSection
 0001:00005010       CreateEvent
 0001:00005018       CreateFile
 0001:000001E0       CreateFileA
 0001:00005208       CreateFontIndirect
 0001:00005210       CreateHalftonePalette
 0001:000053C0       CreateIcon
 0001:00007F20       CreateInOutError
 0001:000053C8       CreateMenu
 0001:00005020       CreateNamedPipe
 0001:00005218       CreatePalette
 0001:00005220       CreatePenIndirect
 0001:000053D0       CreatePopupMenu
 0001:00005228       CreateSolidBrush
 0001:00014FB8       CreateSystemPalette
 0001:00005028       CreateThread
 0001:00000240       CreateThread
 0001:000058C8       CreateWindow
 0001:000053D8       CreateWindowEx
 0002:00000644       CreationControl
 0002:00000740       Ctl3DStyles
 0002:00001488       curAlloc
 0002:000014F8       CurrencyDecimals
 0002:000014F4       CurrencyFormat
 0002:000014F0       CurrencyString
 0002:00000934       CursorMap
 0002:00000654       Cursors
 0001:0001EBD8       CursorToIdent
 0002:000014F9       DateSeparator
 0002:0000036C       DDBsOnly
 0001:00036D3C       DeallocateHWnd
 0002:00000008       DebugHook
 0002:000014F7       DecimalSeparator
 0001:00000788       Decommit
 0001:00000DA4       DecommitFree
 0002:00001464       decommittedRoot
 0001:0003E5B0       Default
 0001:00039690       Default
 0002:00000000       Default8087CW
 0002:00000648       DefaultDockTreeClass
 0002:00000570       DefBrushData
 0002:00000340       DefFontData
 0001:000053E0       DefFrameProc
 0002:000001A4       DefLongDayNames
 0002:00000158       DefLongMonthNames
 0001:000053E8       DefMDIChildProc
 0002:00000550       DefPenData
 0002:00000188       DefShortDayNames
 0002:00000128       DefShortMonthNames
 0001:000053F0       DefWindowProc
 0001:00000444       DeleteBlock
 0001:00005030       DeleteCriticalSection
 0001:000003B4       DeleteCriticalSection
 0001:00005230       DeleteDC
 0001:00000BEC       DeleteFree
 0001:000053F8       DeleteMenu
 0001:00005238       DeleteObject
 0001:00016068       DeselectBitmap
 0001:00005400       DestroyCursor
 0001:00005408       DestroyIcon
 0001:00005410       DestroyMenu
 0001:00005418       DestroyWindow
 0001:000408E0       Dialogs
 0002:000005AC       DIBPalSizes
 0002:00000050       dig
 0001:00036928       DisableTaskWindows
 0001:00005420       DispatchMessage
 0001:0003C92C       DispatchShortCut
 0001:00040684       Dlgs
 0001:0003D9B8       DoAlign
 0001:00024058       DoAlign
 0001:00027E90       DoCalcConstraints
 0002:0000177C       DockSiteList
 0001:00032DFC       DoClick
 0001:00025524       DoControlMsg
 0001:000368D8       DoDisableWindow
 0001:0001F84C       DoDragOver
 0001:000068AC       DoExitProc
 0001:000299B8       DoFindControlZone
 0001:00036A14       DoFindWindow
 0001:00029F1C       DoFindZone
 0001:00029A3C       DoForEach
 0001:0002B2B0       DoGetNextLimit
 0001:000368A0       DoneApplication
 0001:0002BE08       DoneControls
 0001:000084F0       DoneExceptions
 0001:0003AE0C       DoNestedActivation
 0001:0003D808       DoPosition
 0001:00023CBC       DoPosition
 0001:0002A930       DoPrune
 0001:0002ADE0       DoSaveZone
 0001:0002AFE4       DoSetNewBounds
 0002:000002B4       DotSep
 0001:00022A08       DoWrite
 0001:00015C30       DoWrite
 0001:0000CBB4       DoWrite
 0001:0002DD44       DoWrite
 0002:00001760       DragCapture
 0002:00001754       DragControl
 0001:0001FF98       DragDone
 0001:0001F7FC       DragFindTarget
 0001:0001F7D0       DragFindWindow
 0002:0000175C       DragFreeObject
 0002:00001778       DragImageList
 0001:0001FBF0       DragInit
 0001:0001FD60       DragInitControl
 0001:0001F754       DragMessage
 0002:00001758       DragObject
 0002:0000176C       DragSaveCursor
 0002:00001764       DragStartPos
 0002:00001770       DragThreshold
 0001:0001F91C       DragTo
 0001:0003E5EC       DrawAppIcon
 0001:0002A494       DrawCloseButton
 0001:00005428       DrawEdge
 0001:00005430       DrawFrameControl
 0001:0002A4EC       DrawGrabberLine
 0001:00005438       DrawIcon
 0001:00005440       DrawIconEx
 0002:00000778       DrawingStyles
 0001:00005448       DrawMenuBar
 0001:000340D4       DrawMenuItem
 0001:00005450       DrawText
 0001:00014A88       DupBits
 0001:00003A54       DynArrayClear
 0001:00003A5C       DynArraySetLength
 0002:0000085C       EdgeStyle
 0002:00000730       EdgeStyles
 0001:00007EF4       EHeapException.FreeInstance
 0002:00001410       EmptyParam
 0002:000000BC       EmptyStr
 0001:00005458       EnableMenuItem
 0002:000007F4       Enables
 0001:00005460       EnableScrollBar
 0001:000369DC       EnableTaskWindows
 0001:00005468       EnableWindow
 0001:0000BEE8       EndGlobalLoading
 0001:00005470       EndPaint
 0001:00002954       EndThread
 0001:000003A4       EnterCriticalSection
 0001:00005038       EnterCriticalSection
 0001:00005040       EnumCalendarInfoA
 0002:000016D4       EnumDisplayMonitors
 0001:000077A8       EnumEraNames
 0001:000077E4       EnumEraYearOffsets
 0001:0003CF68       EnumMonitorsProc
 0001:00005478       EnumThreadWindows
 0001:0000E7D0       EnumValue
 0001:00005480       EnumWindows
 0001:00005488       EqualRect
 0002:000015BC       EraNames
 0002:000015D8       EraYearOffsets
 0002:00000048       errCaption
 0001:00001768       Error
 0001:0002F17C       Error
 0001:0000E0B8       Error
 0002:0000103C       ErrorAddr
 0001:00007FA0       ErrorHandler
 0002:000001C0       ErrorMap
 0002:00001004       ErrorProc
 0001:00007B44       ExceptAddr
 0002:00001008       ExceptClsProc
 0001:00008414       ExceptHandler
 0001:00007D68       Exception.Create
 0001:00007DA4       Exception.CreateFmt
 0001:00007E24       Exception.CreateRes
 0001:00007E60       Exception.CreateResFmt
 0002:00001010       ExceptionClass
 0001:00007B68       ExceptionErrorMessage
 0002:000001F8       ExceptMap
 0001:00007B2C       ExceptObject
 0002:0000100C       ExceptObjProc
 0002:00001000       ExceptProc
 0001:00005240       ExcludeClipRect
 0002:00001034       ExitCode
 0001:0000276C       ExitDll
 0002:00001038       ExitProc
 0001:00000250       ExitProcess
 0002:000000FC       ExitProcList
 0001:00000248       ExitThread
 0001:0004064C       ExtCtrls
 0001:00006CE4       ExtractFileName
 0002:0000173C       FClipboard
 0001:00006C5C       FileClose
 0001:00006BD4       FileCreate
 0002:000005A4       FileFormats
 0002:00001046       FileMode
 0001:00006B94       FileOpen
 0001:00006BF8       FileRead
 0002:000002BC       FilerSignature
 0001:00006C50       FileSeek
 0001:00006C24       FileWrite
 0001:00000CD4       FillAfterGap
 0001:00000C80       FillBeforeGap
 0001:00000D6C       FillerSizeAfterGap
 0001:00000CFC       FillerSizeBeforeGap
 0001:00005490       FillRect
 0001:0000A488       Finalization
 0001:0001CBA8       Finalization
 0001:00040654       Finalization
 0001:000404CC       Finalization
 0001:0002BF88       Finalization
 0001:00019958       Finalization
 0001:00004FA0       Finalization
 0001:0001CBE0       Finalization
 0001:00042424       Finalization
 0001:00009A98       Finalization
 0001:0002CDF0       Finalization
 0001:0001918C       Finalization
 0001:0004245C       Finalization
 0001:00041CC0       Finalization
 0001:00009C60       Finalization
 0001:00009F68       Finalization
 0001:0002E280       Finalization
 0001:00011E54       Finalization
 0001:00019098       Finalization
 0001:00040504       Finalization
 0001:000199D0       Finalization
 0001:00018D3C       Finalization
 0001:00019918       Finalization
 0001:000059F4       Finalization
 0001:00005CF4       Finalization
 0001:00005A2C       Finalization
 0001:00040884       Finalization
 0001:00004D04       Finalization
 0001:000405AC       Finalization
 0001:00040574       Finalization
 0001:000405E4       Finalization
 0001:00019D2C       Finalization
 0001:0004053C       Finalization
 0001:00019A08       Finalization
 0001:0001CD98       Finalization
 0001:000343C0       Finalization
 0001:00019998       Finalization
 0001:0004061C       Finalization
 0001:00040458       Finalization
 0001:00003A4C       FinalizeArray
 0001:00032C10       Find
 0001:00003CAC       FindBS
 0001:0000B92C       FindClass
 0001:00003C80       FindClassHInstance
 0001:00000260       FindClose
 0001:00000C50       FindCommitted
 0001:0001E9F8       FindControl
 0001:0002A124       FindControlAtPos
 0001:00020244       FindDragTarget
 0001:0000F020       FindExistingComponent
 0001:00000268       FindFirstFile
 0002:00001618       FindGlobalComponent
 0001:00036B20       FindGlobalComponent
 0001:00003C58       FindHInstance
 0001:0000BCCC       FindIdentToInt
 0002:00001818       FindMsg
 0001:0000E36C       FindNestedComponent
 0001:0002F148       FindPopupControl
 0001:00005048       FindResource
 0001:00003C88       FindResourceHInstance
 0001:0003FE08       FindScanline
 0001:00036A78       FindTopMostWindow
 0001:0000FEF0       FindUniqueName
 0001:00020210       FindVCLWindow
 0001:00005498       FindWindow
 0001:000025F0       FInitUnits
 0001:00016460       FixupBitFields
 0002:0000086C       Flags
 0002:00001604       FLanguages
 0001:00019D5C       FlatSB
 0002:000016FC       FlatSB_EnableScrollBar
 0002:00001708       FlatSB_GetScrollInfo
 0002:0000170C       FlatSB_GetScrollPos
 0002:00001704       FlatSB_GetScrollRange
 0002:00001714       FlatSB_SetScrollInfo
 0002:00001710       FlatSB_SetScrollPos
 0001:00019A4C       FlatSB_SetScrollProp
 0002:00001718       FlatSB_SetScrollRange
 0002:00001700       FlatSB_ShowScrollBar
 0001:00009795       FloatToDecimal
 0001:000091F2       FloatToText
 0001:000094C2       FloatToTextFmt
 0001:000074C0       FmtStr
 0002:00000884       FocusCount
 0002:00000880       FocusMessages
 0002:000004C0       FontCharsets
 0002:0000169C       FontManager
 0001:00036AF4       ForegroundTask
 0002:00001820       Form1
 0001:000074AC       Format
 0001:0000704C       FormatBuf
 0001:00007040       FormatClearStr
 0001:00006FD4       FormatError
 0002:00000120       FormatErrorStrs
 0001:00005050       FormatMessage
 0001:0000702C       FormatVarToStr
 0001:000404AC       Forms
 0001:000047A8       FPower10
 0002:000005F4       FPrinter
 0001:000054A0       FrameRect
 0001:00008E6C       FreeAndNil
 0001:000009BC       FreeCommitted
 0001:00000EC4       FreeCurAlloc
 0001:00020304       FreeDeviceContext
 0001:000203C0       FreeDeviceContexts
 0001:00011DE0       FreeIntConstList
 0001:00005058       FreeLibrary
 0001:00000270       FreeLibrary
 0001:00015FBC       FreeMemoryContexts
 0001:00036C64       FreeObjectInstance
 0001:00005060       FreeResource
 0001:0000063C       FreeSpace
 0001:00008C9C       FreeTerminateProcs
 0001:00010A54       FreeThreadWindow
 0001:00014A78       GDICheck
 0001:000149D0       GDIError
 0001:000054A8       GetActiveWindow
 0001:0003DE8C       GetAnimation
 0001:00005248       GetBitmapBits
 0001:000003BC       GetBlockDesc
 0001:00005250       GetBrushOrgEx
 0001:000054B0       GetCapture
 0001:0001EC80       GetCaptureControl
 0001:0000B87C       GetClass
 0001:000054B8       GetClassInfo
 0001:000054C0       GetClientRect
 0001:00005258       GetClipBox
 0001:00000358       GetCmdShow
 0001:0002CF94       GetColor
 0001:00000278       GetCommandLine
 0001:00000808       GetCommitted
 0001:00000898       GetCommittedAt
 0001:00025068       GetControlAtPos
 0001:00005068       GetCPInfo
 0001:00005260       GetCurrentPositionEx
 0001:00005070       GetCurrentProcessId
 0001:000042F8       GetCurrentThreadId
 0001:00005078       GetCurrentThreadId
 0001:00005844       GetCurrentTime
 0001:000054C8       GetCursor
 0001:0003FE18       GetCursorHeightMargin
 0001:000054D0       GetCursorPos
 0001:000054D8       GetDC
 0001:000054E0       GetDCEx
 0001:00005268       GetDCOrgEx
 0001:00018948       GetDefFontCharSet
 0001:000054E8       GetDesktopWindow
 0001:00005280       GetDeviceCaps
 0001:000159C0       GetDIB
 0001:00005270       GetDIBColorTable
 0001:00005278       GetDIBits
 0001:00015908       GetDIBSizes
 0001:00014BE8       GetDInColors
 0001:00005080       GetDiskFreeSpaceA
 0002:000000F8       GetDiskFreeSpaceEx
 0001:0002B370       GetDockAlign
 0001:0001F5A8       GetDockSiteAtPos
 0001:0001F888       GetDropCtl
 0001:00001E14       GetDynaMethod
 0001:00009FD8       GetEnumNameValue
 0001:0000A024       GetEnumValue
 0001:0000785C       GetEraNamesAndYearOffsets
 0001:00008168       GetExceptionClass
 0001:00008348       GetExceptionObject
 0001:00005088       GetExitCodeThread
 0001:0000B94C       GetFieldClass
 0001:0000B804       GetFieldClassTable
 0001:000001F0       GetFileSize
 0001:000001E8       GetFileType
 0001:000054F0       GetFocus
 0001:000135A8       GetFontData
 0001:000054F8       GetForegroundWindow
 0001:00008860       GetFormatSettings
 0001:00012BFC       GetHashCode
 0001:0003DC78       GetHint
 0001:0003DCA8       GetHintControl
 0001:00034260       GetHotkey
 0001:00005500       GetIconInfo
 0001:00005518       GetKeyboardLayout
 0001:00005520       GetKeyboardLayoutList
 0001:00005528       GetKeyboardState
 0001:00001AA8       GetKeyboardType
 0001:00005508       GetKeyNameText
 0001:00005510       GetKeyState
 0001:00005530       GetLastActivePopup
 0001:00005090       GetLastError
 0001:00000280       GetLastError
 0001:00007620       GetLocaleChar
 0001:00000288       GetLocaleInfo
 0001:00005098       GetLocaleInfo
 0001:000075D4       GetLocaleStr
 0001:0001EC3C       GetLongHint
 0001:00005538       GetMenu
 0001:0003B778       GetMenuHelpContext
 0001:00005540       GetMenuItemCount
 0001:00005548       GetMenuItemID
 0001:00005550       GetMenuItemInfo
 0001:0003153C       GetMenuSize
 0001:00005558       GetMenuState
 0001:00005560       GetMenuString
 0001:00004E64       GetModuleFileName
 0001:000050A0       GetModuleFileName
 0001:00000290       GetModuleFileName
 0001:00004E6C       GetModuleHandle
 0001:00000298       GetModuleHandle
 0001:000050A8       GetModuleHandle
 0002:000016D0       GetMonitorInfo
 0002:000016C8       GetMonitorInfoA
 0002:000016CC       GetMonitorInfoW
 0001:00007684       GetMonthDayNames
 0001:00005568       GetNextWindow
 0001:00005288       GetObject
 0001:0000A0A4       GetOrdProp
 0001:000050B0       GetOverlappedResult
 0001:00005290       GetPaletteEntries
 0001:00005570       GetParent
 0001:00036EB0       GetParentForm
 0001:00005298       GetPixel
 0001:000050B8       GetProcAddress
 0001:000002A0       GetProcAddress
 0001:00005578       GetProp
 0001:0000A038       GetPropInfo
 0001:00037370       GetRealScrollPosition
 0001:0002CF74       GetRGBColor
 0001:00005580       GetScrollInfo
 0001:00005588       GetScrollPos
 0001:00005590       GetScrollRange
 0001:0001EBF8       GetShortHint
 0001:00000560       GetSpace
 0001:000005C4       GetSpaceAt
 0001:0002F1D4       GetSpecialName
 0001:000002A8       GetStartupInfo
 0001:000001F8       GetStdHandle
 0001:000052A0       GetStockObject
 0001:00005598       GetSubMenu
 0001:000055A0       GetSysColor
 0001:000050C0       GetSystemInfo
 0001:000055A8       GetSystemMenu
 0001:000055B0       GetSystemMetrics
 0002:000016B8       GetSystemMetrics
 0001:000052A8       GetSystemPaletteEntries
 0001:000052B0       GetTextExtentPoint32
 0001:000052B8       GetTextMetrics
 0001:000050C8       GetThreadLocale
 0001:000002B0       GetThreadLocale
 0001:000050D0       GetTickCount
 0001:0003E39C       GetTopMostWindows
 0001:0001ED88       GetTopParent
 0001:000055B8       GetTopWindow
 0001:00009FCC       GetTypeData
 0001:000050D8       GetVersion
 0001:000050E0       GetVersionEx
 0001:000055C0       GetWindow
 0001:000055C8       GetWindowDC
 0001:000055D0       GetWindowLong
 0001:000052C0       GetWindowOrgEx
 0001:000055D8       GetWindowPlacement
 0001:000055E0       GetWindowRect
 0001:000055E8       GetWindowText
 0001:000055F0       GetWindowThreadProcessId
 0001:000050E8       GlobalAddAtom
 0001:000050F0       GlobalAlloc
 0001:00005850       GlobalAllocPtr
 0001:000050F8       GlobalDeleteAtom
 0002:0000162C       GlobalFixupList
 0001:0000E4B4       GlobalFixupReferences
 0001:00005100       GlobalFree
 0001:0000587C       GlobalFreePtr
 0001:00005110       GlobalHandle
 0001:00005108       GlobalLock
 0002:00001614       GlobalNameSpace
 0001:00005118       GlobalReAlloc
 0001:00005860       GlobalReAllocPtr
 0001:00005120       GlobalUnlock
 0001:00018E10       Graphics
 0001:0000F6E8       HandleException
 0002:00000004       HeapAllocFlags
 0002:00001430       heapErrorCode
 0002:00001434       heapLock
 0002:00001814       HelpMsg
 0002:000000F4       HexDisplayPrefix
 0002:0000062C       HideSelections
 0002:000014D8       HInstance
 0002:000017E4       HintDoneEvent
 0001:0003DD78       HintGetMsgHook
 0002:000017E8       HintHook
 0001:0003DD1C       HintMouseThread
 0002:000017EC       HintThread
 0002:000017E0       HintThreadID
 0001:0003DCC8       HintTimerProc
 0002:0000087C       HintWindowClass
 0001:0003DDBC       HookHintHooks
 0001:000058FC       HwndMSWheel
 0002:00000810       IBreaks
 0002:0000081C       IChecks
 0002:00000824       IDefaults
 0001:00013598       IdentToCharset
 0001:00013390       IdentToColor
 0001:0001EBE8       IdentToCursor
 0001:0000BD50       IdentToInt
 0002:0000082C       IEnables
 0001:0003223C       IfHotkeyAvailable
 0001:000190E8       ImageList_Add
 0001:00019108       ImageList_AddIcon
 0001:0001912C       ImageList_BeginDrag
 0001:000190D0       ImageList_Create
 0001:000190D8       ImageList_Destroy
 0001:0001913C       ImageList_DragEnter
 0001:00019144       ImageList_DragLeave
 0001:0001914C       ImageList_DragMove
 0001:0001915C       ImageList_DragShowNolock
 0001:00019114       ImageList_Draw
 0001:0001911C       ImageList_DrawEx
 0001:00019134       ImageList_EndDrag
 0001:00019100       ImageList_GetBkColor
 0001:00019164       ImageList_GetDragImage
 0001:0001917C       ImageList_GetIconSize
 0001:000190E0       ImageList_GetImageCount
 0001:0001916C       ImageList_Read
 0001:00019124       ImageList_Remove
 0001:000190F0       ImageList_ReplaceIcon
 0001:000190F8       ImageList_SetBkColor
 0001:00019154       ImageList_SetDragCursorImage
 0001:00019184       ImageList_SetIconSize
 0001:00019174       ImageList_Write
 0002:00000788       Images
 0001:0002E2B0       ImgList
 0001:00019988       Imm
 0002:00000764       IMM32DLL
 0001:0002BDF4       Imm32IsIME
 0001:000055F8       InflateRect
 0001:00000A48       InitAllocator
 0001:000191C4       InitAnApi
 0002:000016E0       InitApis
 0001:0000BF5C       InitComponent
 0002:000014A0       InitContext
 0001:0002BE7C       InitControls
 0001:00036BA0       InitCtl3D
 0001:0001898C       InitDefFontData
 0001:00008CBC       InitDriveSpacePtr
 0001:00008424       InitExceptions
 0001:00019AA8       InitFlatSB
 0001:00040730       InitGlobals
 0001:000157C0       InitializeBitmapInfoHeader
 0001:00005128       InitializeCriticalSection
 0001:0000039C       InitializeCriticalSection
 0002:0000142C       initialized
 0001:00019A80       InitializeFlatSB
 0001:00004F20       InitializeModule
 0001:0002BA94       InitIMM32
 0001:0000C004       InitInheritedComponent
 0001:000198AC       InitMultiMonStubs
 0001:0000855C       InitPlatformId
 0002:00001030       InitProc
 0001:00018910       InitScreenLogPixels
 0001:000087A8       InitSysLocale
 0001:00004E8C       InitThreadTLS
 0001:00002650       InitUnits
 0001:0001E940       InitWndProc
 0002:00000710       InnerStyles
 0002:0000104C       Input
 0001:0003D7A8       InsertBefore
 0001:00023C5C       InsertBefore
 0001:00000E3C       InsertFree
 0001:000322F0       InsertHotkeyFarEastFormat
 0001:00005600       InsertMenu
 0001:00005608       InsertMenuItem
 0002:000017D8       InstBlockList
 0002:000017DC       InstFreeList
 0002:00001628       IntConstList
 0001:00000350       InterlockedDecrement
 0001:00000348       InterlockedIncrement
 0001:00012B88       InternalDeletePalette
 0001:00000CB0       InternalFreeMem
 0001:00015910       InternalGetDIB
 0001:000158A4       InternalGetDIBSizes
 0001:0000BDD4       InternalReadComponentRes
 0001:000052C8       IntersectClipRect
 0001:00005610       IntersectRect
 0001:0000BD90       IntToIdent
 0001:00006B0C       IntToStr
 0001:00006ADC       IntToStr
 0001:00005618       InvalidateRect
 0001:00014964       InvalidBitmap
 0001:0001494C       InvalidGraphic
 0001:00014970       InvalidIcon
 0001:00014934       InvalidOperation
 0002:00001600       InvalidPointer
 0001:00001CCC       InvokeImplGetter
 0001:000017DC       IOResult
 0002:0000084C       IOwnerDraw
 0002:00000834       IRadios
 0002:00000844       IRTL
 0001:00036E40       IsAccel
 0001:000333B0       IsAccelChar
 0001:0001F360       IsBeforeTargetWindow
 0001:00005620       IsChild
 0002:00001044       IsConsole
 0001:0001F7AC       IsDelphiHandle
 0001:00005628       IsDialogMessage
 0002:0000083C       ISeparators
 0001:00009C58       IsEqualIID
 0001:00005630       IsIconic
 0001:0003340C       IsInitialChar
 0002:00001024       IsLibrary
 0002:00001045       IsMultiThread
 0001:00005638       IsRectEmpty
 0001:0001F564       IsSiteChildOfClient
 0001:00006A78       IsValidIdent
 0001:00005640       IsWindow
 0001:00005648       IsWindowEnabled
 0001:00005650       IsWindowVisible
 0001:00005658       IsZoomed
 0001:0002F5A0       Iterate
 0001:0002F600       IterateMenus
 0002:0000000C       JITEnable
 0001:00036DF4       KeyboardStateToShiftState
 0001:00036DB8       KeyDataToShiftState
 0001:00036D64       KeysToShiftState
 0001:00005660       KillTimer
 0001:00006C94       LastDelimiter
 0001:00041364       LastError
 0002:000000D4       LeadBytes
 0001:000003AC       LeaveCriticalSection
 0001:00005130       LeaveCriticalSection
 0002:00000014       LibModuleList
 0001:000052D0       LineTo
 0001:0002028C       ListAdd
 0001:000202B4       ListRemove
 0002:000015F4       ListSeparator
 0001:00005668       LoadBitmap
 0001:00005670       LoadCursor
 0001:00005678       LoadIcon
 0001:00005680       LoadKeyboardLayout
 0001:00005138       LoadLibrary
 0001:000002B8       LoadLibraryEx
 0001:00005140       LoadResource
 0001:00003E68       LoadResourceModule
 0001:000041D0       LoadResString
 0001:00005688       LoadString
 0001:000002C0       LoadString
 0001:00004E74       LocalAlloc
 0001:0000037C       LocalAlloc
 0001:00000384       LocalFree
 0001:00007648       LocalGetLocaleStr
 0001:00005148       LockResource
 0002:00001500       LongDateFormat
 0002:00001594       LongDayNames
 0002:00001548       LongMonthNames
 0002:00001514       LongTimeFormat
 0001:000051C8       lstrcpy
 0001:000002C8       lstrcpy
 0001:000002D0       lstrcpyn
 0001:000002D8       lstrlen
 0002:0000101C       MainInstance
 0002:00001020       MainThreadID
 0001:0000040C       MakeEmpty
 0001:0000271C       MakeErrorMessage
 0002:00000750       MakeLast
 0001:00005838       MakeLong
 0001:00036BCC       MakeObjectInstance
 0001:00005890       MakeROP4
 0001:000080E8       MapException
 0001:0000246C       MapToRunError
 0001:00005690       MapVirtualKey
 0001:00005698       MapWindowPoints
 0002:00000770       Mask
 0001:000052D8       MaskBlt
 0001:000199C8       Math
 0001:00019990       Max
 0001:000396DC       MaximizedChildren
 0002:0000001C       MemoryManager
 0002:000007A4       MenuKeyCaps
 0001:00034430       Menus
 0001:0000045C       MergeBlockAfter
 0001:00000F10       MergeCommit
 0001:000056A0       MessageBox
 0001:00000258       MessageBox
 0001:00005A5C       Messages
 0001:0002B2A8       Min
 0001:0000C664       Min
 0001:00023588       MinVar
 0002:000016E8       MMAvailable
 0002:00000768       ModeMap
 0001:0003B184       ModifySystemMenu
 0002:000000A4       Module
 0002:000014CD       ModuleIsCpp
 0002:000014CC       ModuleIsLib
 0001:00011E4C       ModuleUnload
 0002:00000018       ModuleUnloadList
 0002:000016C4       MonitorFromPoint
 0002:000016C0       MonitorFromRect
 0002:000016BC       MonitorFromWindow
 0002:00001744       Mouse
 0001:000017F4       Move
 0001:000052E0       MoveToEx
 0001:000202D4       MoveWindowOrg
 0001:000056A8       MsgWaitForMultipleObjects
 0001:00005150       MulDiv
 0001:000002E0       MultiByteToWideChar
 0001:00019948       MultiMon
 0002:000014F5       NegCurrFormat
 0001:00000F9C       NewCommit
 0001:00000FC8       NewCommitAt
 0002:00001748       NewStyleControls
 0002:000002C0       NilMethod
 0002:00000010       NoErrMsg
 0001:000302CC       NormalDraw
 0001:00002024       NotifyAnyExcept
 0001:00001FFC       NotifyExcept
 0001:00002058       NotifyExceptFinally
 0001:0000BEB8       NotifyGlobalLoading
 0001:000040F4       NotifyModuleUnload
 0001:00001FDC       NotifyNonDelphiException
 0001:00002010       NotifyOnExcept
 0001:00001FC0       NotifyReRaise
 0001:00002080       NotifyTerminate
 0001:0000209C       NotifyUnhandled
 0001:00032DEC       NthParentOf
 0002:00001400       Null
 0002:00000634       OEMConverts
 0001:000056B0       OemToAnsi
 0001:000056B8       OffsetRect
 0001:0000354C       OleStrToStrVar
 0002:00000748       OrientArray
 0002:00000720       OuterStyles
 0002:000015FC       OutOfMemory
 0001:0001497C       OutOfResources
 0002:00001218       Output
 0002:000005B4       Pal16
 0001:00012F6C       PaletteChanged
 0001:00015168       PaletteFromDIBColorTable
 0001:0001520C       PaletteToDIBColorTable
 0002:000005B0       PalSize
 0001:00029660       ParentNotLast
 0002:00000610       Passwords
 0001:000052E8       PatBlt
 0002:000016AC       PatternManager
 0001:000056C0       PeekMessage
 0002:000016A0       PenManager
 0002:00000580       PenModes
 0002:00000560       PenStyles
 0001:00041CF0       Pipes
 0001:0000B7B4       Point
 0001:000058B0       PointToSmallPoint
 0002:000017BC       PopupList
 0001:000056C8       PostMessage
 0001:000056D0       PostQuitMessage
 0001:00019A44       Printers
 0001:0003C72C       ProcessExecute
 0001:00037070       ProcessHorz
 0001:0003C82C       ProcessUpdate
 0001:000370DC       ProcessVert
 0001:000425C4       Project1
 0001:0000E7C4       PropertyNotFound
 0001:0000F7E8       PropPathError
 0002:000008D4       Props
 0001:0000E7B8       PropValueError
 0001:000056D8       PtInRect
 0002:00001780       QualifyingSites
 0001:00008090       RaiseAssertException
 0001:00000200       RaiseException
 0001:00008BD8       RaiseLastWin32Error
 0001:0000175C       RaiseList
 0002:00001040       RandSeed
 0001:0002A244       ReadControlName
 0001:0000E7A0       ReadError
 0001:00000208       ReadFile
 0001:00005158       ReadFile
 0001:000154B8       ReadIcon
 0002:00000618       ReadOnlys
 0001:0000FA60       ReadVariantProp
 0001:000052F0       RealizePalette
 0001:0000EE10       Recover
 0001:0000B7CC       Rect
 0001:000052F8       RectVisible
 0002:000013EC       RefAnyProc
 0001:000002E8       RegCloseKey
 0001:00004FD8       RegCloseKey
 0001:000056E0       RegisterClass
 0001:0000BA18       RegisterClass
 0001:0000BB14       RegisterClasses
 0001:000056E8       RegisterClipboardFormat
 0001:0001F6F4       RegisterDockSite
 0001:0000BCA0       RegisterIntegerConsts
 0001:00004150       RegisterModule
 0001:000056F0       RegisterWindowMessage
 0001:00004FE0       RegOpenKeyEx
 0001:000002F0       RegOpenKeyEx
 0001:00004FE8       RegQueryValueEx
 0001:000002F8       RegQueryValueEx
 0001:00040534       RegStr
 0001:000056F8       ReleaseCapture
 0001:00005700       ReleaseDC
 0002:00001484       remBytes
 0001:000004D0       RemoveBlock
 0001:0000E670       RemoveFixupReferences
 0001:0000E71C       RemoveFixups
 0001:0000E9F4       RemoveGlobalFixup
 0001:00005708       RemoveMenu
 0001:00004094       RemoveModuleUnloadProc
 0001:0000406C       RemoveModuleUnloadProc
 0001:00005710       RemoveProp
 0001:00010C4C       RemoveThread
 0001:00005160       ResetEvent
 0001:00001448       ResizeInPlace
 0001:00005300       RestoreDC
 0001:00005168       ResumeThread
 0001:0002F178       ReturnAddr
 0001:0000CD14       ReturnAddr
 0001:0000C194       ReturnAddr
 0001:00014EE8       RGBQuadToTriple
 0001:00014EB0       RGBTripleToQuad
 0002:00001480       rover
 0001:00000210       RtlUnwind
 0002:00000028       runErrMsg
 0001:00002460       RunErrorAt
 0001:00008E7C       SafeLoadLibrary
 0001:000069C0       SameText
 0001:00005308       SaveDC
 0002:000017D0       Screen
 0002:00001658       ScreenLogPixels
 0001:00005718       ScreenToClient
 0001:00037228       ScrollBarVisible
 0001:00005720       ScrollWindow
 0001:00000FFC       SearchSmallBlocks
 0001:00005310       SelectObject
 0001:00005318       SelectPalette
 0001:0001EA14       SendAppMessage
 0001:00036AB4       SendFocusMessage
 0001:00005728       SendMessage
 0002:00000808       Separators
 0001:00005730       SetActiveWindow
 0001:0003DEBC       SetAnimation
 0001:00005320       SetBkColor
 0001:00005328       SetBkMode
 0001:00005330       SetBrushOrgEx
 0001:00005738       SetCapture
 0001:0001ECA8       SetCaptureControl
 0001:00005740       SetClassLong
 0001:0000EF80       SetCompName
 0001:00005748       SetCursor
 0001:00005338       SetDIBColorTable
 0001:00000218       SetEndOfFile
 0001:00005170       SetEndOfFile
 0001:00005178       SetErrorMode
 0001:00005180       SetEvent
 0001:000025A8       SetExceptionHandler
 0001:00000220       SetFilePointer
 0001:00005188       SetFilePointer
 0001:0000A328       SetFloatProp
 0001:00005750       SetFocus
 0001:00005758       SetForegroundWindow
 0001:0002BD18       SetImeMode
 0001:000017CC       SetInOutRes
 0001:0000A44C       SetInt64Prop
 0001:0000F9D8       SetIntIdent
 0001:0000A210       SetLongStrProp
 0001:00005760       SetMenu
 0001:00005768       SetMenuItemInfo
 0001:0000A414       SetMethodProp
 0001:0000FA20       SetObjectIdent
 0001:0000A118       SetOrdProp
 0001:00005340       SetPixel
 0001:00005770       SetProp
 0001:00005778       SetRect
 0001:00005348       SetROP2
 0001:00005780       SetScrollInfo
 0001:00005788       SetScrollPos
 0001:00005790       SetScrollRange
 0001:0000A174       SetShortStrProp
 0001:0000A1C8       SetShortStrPropAsLongStr
 0001:00005350       SetStretchBltMode
 0001:0000A2FC       SetStrProp
 0001:00005358       SetTextColor
 0001:00005190       SetThreadLocale
 0001:00005798       SetTimer
 0001:0000A3D4       SetVariantProp
 0001:00005360       SetViewportOrgEx
 0001:0003FB28       SetVisible
 0001:0000A264       SetWideStrProp
 0001:0000A2A4       SetWideStrPropAsLongStr
 0001:000057A0       SetWindowLong
 0001:00005368       SetWindowOrgEx
 0001:000057A8       SetWindowPlacement
 0001:000057B0       SetWindowPos
 0001:000057C0       SetWindowsHookEx
 0001:000057B8       SetWindowText
 0002:0000010C       ShareMode
 0001:000404FC       ShellAPI
 0001:000405DC       ShlObj
 0001:0002F19C       ShortCut
 0002:000017C0       ShortCutItems
 0001:0002F228       ShortCutToText
 0002:000014FC       ShortDateFormat
 0002:00001578       ShortDayNames
 0002:00001518       ShortMonthNames
 0002:00001510       ShortTimeFormat
 0002:0000091C       ShowCommands
 0002:00000910       ShowCommands
 0002:00000928       ShowCommands
 0001:000057C8       ShowCursor
 0001:00007CF0       ShowException
 0002:000009B4       ShowFlags
 0002:00000708       ShowFlags
 0001:00036854       ShowMDIClientEdge
 0001:000057D0       ShowOwnedPopups
 0001:000057D8       ShowScrollBar
 0001:000057E0       ShowWindow
 0001:0003DEE4       ShowWinNoAnimate
 0002:0000075C       SizeCursors
 0001:00005198       SizeofResource
 0001:000104A0       SkipBinary
 0001:0001044C       SkipBytes
 0001:000104C8       SkipCollection
 0001:00010424       SkipList
 0001:000051A0       Sleep
 0001:0000B7BC       SmallPoint
 0001:0000589C       SmallPointToPoint
 0002:0000148C       smallTab
 0002:00001454       spaceRoot
 0001:0001CDC8       StdActns
 0001:0001CBD8       StdCtrls
 0001:00036BA4       StdWndProc
 0002:00001660       StockBrush
 0002:00001664       StockFont
 0002:00001668       StockIcon
 0002:0000165C       StockPen
 0001:00006F78       StrAlloc
 0001:00006F8C       StrBufSize
 0001:00008650       StrByteType
 0001:00006E98       StrComp
 0001:00006DF8       StrCopy
 0001:00006FC4       StrDispose
 0001:0002DC14       StreamsEqual
 0001:00006DA8       StrEnd
 0001:00005370       StretchBlt
 0001:00007444       StrFmt
 0001:0000DB30       StringListAnsiCompare
 0001:00003570       StringToOleStr
 0001:000341C8       StripHotkey
 0001:00006E20       StrLCopy
 0001:00006D90       StrLen
 0001:00007478       StrLFmt
 0001:00006EBC       StrLIComp
 0001:00006DBC       StrMove
 0001:00006F98       StrNew
 0001:00006E54       StrPCopy
 0001:00006E78       StrPLCopy
 0001:00006F24       StrPos
 0001:00006F04       StrScan
 0001:00006B40       StrToInt
 0001:00006B7C       StrToIntDef
 0002:000008FC       Styles
 0001:00000310       SysAllocStringLen
 0001:00005D24       SysConst
 0002:000008CC       SysConsts
 0002:000008C4       SysConsts
 0001:00007588       SysErrorMessage
 0001:000012A4       SysFreeMem
 0001:00000320       SysFreeString
 0001:0000111C       SysGetMem
 0001:00004FD0       SysInit
 0002:000015B0       SysLocale
 0001:00001618       SysReallocMem
 0001:00000318       SysReAllocStringLen
 0001:00000328       SysStringLen
 0001:00004D6C       System
 0002:00001650       SystemPalette16
 0001:000150D0       SystemPaletteOverride
 0001:000057E8       SystemParametersInfo
 0001:00009BD8       SysUtils
 0001:00041398       TAbstractPipe.Create
 0001:000414B0       TAbstractPipe.Destroy
 0001:0004151C       TAbstractPipe.DoReadData
 0001:00041554       TAbstractPipe.Execute
 0001:00041574       TAbstractPipe.ReadData
 0001:0004161C       TAbstractPipe.Write
 0001:0002C8C0       TActionLink.IsCaptionLinked
 0001:0002C8D4       TActionLink.IsCheckedLinked
 0001:0002C8E8       TActionLink.IsEnabledLinked
 0001:0002C8FC       TActionLink.IsHelpContextLinked
 0001:0002C910       TActionLink.IsHintLinked
 0001:0002C924       TActionLink.IsImageIndexLinked
 0001:0002C938       TActionLink.IsShortCutLinked
 0001:0002C94C       TActionLink.IsVisibleLinked
 0001:0002C960       TActionLink.SetCaption
 0001:0002C964       TActionLink.SetChecked
 0001:0002C968       TActionLink.SetEnabled
 0001:0002C96C       TActionLink.SetHelpContext
 0001:0002C970       TActionLink.SetHint
 0001:0002C974       TActionLink.SetImageIndex
 0001:0002C978       TActionLink.SetShortCut
 0001:0002C97C       TActionLink.SetVisible
 0001:0003FFC0       TApplication.ActivateHint
 0001:0003EE80       TApplication.BringToFront
 0001:0003FDE0       TApplication.CancelHint
 0001:0003E560       TApplication.CheckIniChange
 0001:0003E33C       TApplication.ControlDestroyed
 0001:0003DF24       TApplication.Create
 0001:0003F278       TApplication.CreateForm
 0001:0003E19C       TApplication.CreateHandle
 0001:0003E0BC       TApplication.Destroy
 0001:00040368       TApplication.DispatchAction
 0001:0003F800       TApplication.DoActionIdle
 0001:0003F864       TApplication.DoMouseIdle
 0001:0003E40C       TApplication.DoNormalizeTopMosts
 0001:000403F8       TApplication.ExecuteAction
 0001:0003ECD4       TApplication.GetIconHandle
 0001:0003EEBC       TApplication.GetTitle
 0001:0003F3C0       TApplication.HandleException
 0001:0003F164       TApplication.HandleMessage
 0001:0003F7B8       TApplication.HelpCommand
 0001:0003F7AC       TApplication.HelpContext
 0001:0003FDA4       TApplication.HideHint
 0001:0003FC64       TApplication.HintMouseMessage
 0001:0003FD70       TApplication.HintTimerExpired
 0001:0003F188       TApplication.HookMainWindow
 0001:0003FA30       TApplication.IconChanged
 0001:0003F8E8       TApplication.Idle
 0001:0003F260       TApplication.Initialize
 0001:0003F680       TApplication.InvokeHelp
 0001:0003EF04       TApplication.IsDlgMsg
 0001:0003F030       TApplication.IsHintMsg
 0001:0003EF78       TApplication.IsKeyMsg
 0001:0003EF28       TApplication.IsMDIMsg
 0001:0003F060       TApplication.IsShortCut
 0001:0003F450       TApplication.MessageBox
 0001:0003ECF0       TApplication.Minimize
 0001:0003E4BC       TApplication.NormalizeAllTopMosts
 0001:0003E4B4       TApplication.NormalizeTopMosts
 0001:0003F9F4       TApplication.NotifyForms
 0001:0003F0CC       TApplication.ProcessMessage
 0001:0003ED90       TApplication.Restore
 0001:0003E4C4       TApplication.RestoreTopMosts
 0001:0003F2F8       TApplication.Run
 0001:0003FA94       TApplication.SetHint
 0001:0003F7C0       TApplication.SetShowHint
 0001:0003F5A8       TApplication.ShowException
 0001:0003FC0C       TApplication.StartHintTimer
 0001:0003FC44       TApplication.StopHintTimer
 0001:0003F3AC       TApplication.Terminate
 0001:0003F1E4       TApplication.UnhookMainWindow
 0001:00040420       TApplication.UpdateAction
 0001:0003FB84       TApplication.UpdateVisible
 0001:0003E548       TApplication.UseRightToLeftAlignment
 0001:0003E530       TApplication.UseRightToLeftReading
 0001:0003E638       TApplication.WndProc
 0002:00000888       TaskActiveWindow
 0002:00000890       TaskFirstTopMost
 0002:0000088C       TaskFirstWindow
 0002:00000894       TaskWindowList
 0001:0001F080       TBaseDragControlObject.Assign
 0001:0001F05C       TBaseDragControlObject.Create
 0001:0001F0AC       TBaseDragControlObject.EndDrag
 0001:0001F0D0       TBaseDragControlObject.Finished
 0001:000118A4       TBasicAction.Change
 0001:0001177C       TBasicAction.Create
 0001:000117C0       TBasicAction.Destroy
 0001:00011818       TBasicAction.Execute
 0001:00011810       TBasicAction.ExecuteTarget
 0001:0001180C       TBasicAction.HandlesTarget
 0001:000118B8       TBasicAction.RegisterChanges
 0001:00011850       TBasicAction.SetOnExecute
 0001:000118C4       TBasicAction.UnRegisterChanges
 0001:00011834       TBasicAction.Update
 0001:00011814       TBasicAction.UpdateTarget
 0001:000116D8       TBasicActionLink.AssignClient
 0001:00011710       TBasicActionLink.Change
 0001:00011694       TBasicActionLink.Create
 0001:000116DC       TBasicActionLink.Destroy
 0001:00011728       TBasicActionLink.Execute
 0001:00011764       TBasicActionLink.IsOnExecuteLinked
 0001:00011738       TBasicActionLink.SetAction
 0001:00011768       TBasicActionLink.SetOnExecute
 0001:00011770       TBasicActionLink.Update
 0001:00016E1C       TBitmap.Assign
 0001:00016FF0       TBitmap.Changed
 0001:00016FCC       TBitmap.Changing
 0001:00016F0C       TBitmap.CopyImage
 0001:00016D78       TBitmap.Create
 0001:00016DE0       TBitmap.Destroy
 0001:00017418       TBitmap.DIBNeeded
 0001:00016FFC       TBitmap.Dormant
 0001:00017018       TBitmap.Draw
 0001:0001748C       TBitmap.FreeContext
 0001:00017268       TBitmap.FreeImage
 0001:000172E4       TBitmap.GetCanvas
 0001:000172CC       TBitmap.GetEmpty
 0001:00017324       TBitmap.GetHandle
 0001:00017348       TBitmap.GetHandleType
 0001:00017374       TBitmap.GetHeight
 0001:00017384       TBitmap.GetMaskHandle
 0001:00017398       TBitmap.GetMonochrome
 0001:000173B4       TBitmap.GetPalette
 0001:000173C8       TBitmap.GetTransparentColor
 0001:00017410       TBitmap.GetWidth
 0001:0001749C       TBitmap.HandleNeeded
 0001:000175C4       TBitmap.LoadFromClipboardFormat
 0001:00017648       TBitmap.LoadFromStream
 0001:000174AC       TBitmap.MaskHandleNeeded
 0001:0001766C       TBitmap.NewImage
 0001:0001750C       TBitmap.PaletteNeeded
 0001:0001776C       TBitmap.ReadData
 0001:00017794       TBitmap.ReadDIB
 0001:00017CA4       TBitmap.ReadStream
 0001:000183B8       TBitmap.SaveToClipboardFormat
 0001:000183B0       TBitmap.SaveToStream
 0001:00017D14       TBitmap.SetHandle
 0001:00017DD8       TBitmap.SetHandleType
 0001:00017F10       TBitmap.SetHeight
 0001:00017F64       TBitmap.SetMonochrome
 0001:00017FE4       TBitmap.SetPalette
 0001:000180B8       TBitmap.SetWidth
 0001:0001810C       TBitmap.WriteData
 0001:00018114       TBitmap.WriteStream
 0001:000160E4       TBitmapCanvas.Create
 0001:000161EC       TBitmapCanvas.CreateHandle
 0001:00016120       TBitmapCanvas.Destroy
 0001:0001614C       TBitmapCanvas.FreeContext
 0001:000162FC       TBitmapImage.Destroy
 0001:00016358       TBitmapImage.FreeHandle
 0001:0000C61C       TBits.Destroy
 0001:0000C64C       TBits.Error
 0001:0000C740       TBits.OpenBit
 0001:0000C714       TBits.SetBit
 0001:0000C670       TBits.SetSize
 0001:00013EBC       TBrush.Assign
 0001:00013E54       TBrush.Create
 0001:00013E94       TBrush.Destroy
 0001:00013FF8       TBrush.GetColor
 0001:00013F64       TBrush.GetData
 0001:00014034       TBrush.GetHandle
 0001:00014114       TBrush.GetStyle
 0001:00013FD4       TBrush.SetBitmap
 0001:00014000       TBrush.SetColor
 0001:00013F84       TBrush.SetData
 0001:0001411C       TBrush.SetStyle
 0001:0001C940       TButton.Click
 0001:0001CAC8       TButton.CMDialogChar
 0001:0001CA58       TButton.CMDialogKey
 0001:0001CB4C       TButton.CMFocusChanged
 0001:0001CA44       TButton.CNCommand
 0001:0001C8DC       TButton.Create
 0001:0001C9F0       TButton.CreateParams
 0001:0001CA2C       TButton.CreateWnd
 0001:0001C968       TButton.SetButtonStyle
 0001:0001C9BC       TButton.SetDefault
 0001:0001C964       TButton.UseRightToLeftAlignment
 0001:0001CBA0       TButton.WMEraseBkgnd
 0001:0001C6F8       TButtonActionLink.AssignClient
 0001:0001C71C       TButtonActionLink.IsCheckedLinked
 0001:0001C754       TButtonActionLink.SetChecked
 0001:0001C80C       TButtonControl.ActionChange
 0001:0001C7B8       TButtonControl.Create
 0001:0001C854       TButtonControl.GetActionLinkClass
 0001:0001C85C       TButtonControl.GetChecked
 0001:0001C860       TButtonControl.SetChecked
 0001:0001C864       TButtonControl.WndProc
 0001:00014914       TCanvas.BrushChanged
 0001:000147E8       TCanvas.Changed
 0001:000147D4       TCanvas.Changing
 0001:00014270       TCanvas.CopyRect
 0001:00014150       TCanvas.Create
 0001:00014858       TCanvas.CreateBrush
 0001:000147FC       TCanvas.CreateFont
 0001:00014708       TCanvas.CreateHandle
 0001:00014828       TCanvas.CreatePen
 0001:000146AC       TCanvas.DeselectHandles
 0001:00014214       TCanvas.Destroy
 0001:000142F8       TCanvas.Draw
 0001:000143A4       TCanvas.FillRect
 0001:000148D4       TCanvas.FontChanged
 0001:0001468C       TCanvas.GetHandle
 0001:000145D4       TCanvas.GetPenPos
 0001:00014618       TCanvas.GetPixel
 0001:000143E0       TCanvas.LineTo
 0001:00014418       TCanvas.Lock
 0001:00014440       TCanvas.MoveTo
 0001:000148F4       TCanvas.PenChanged
 0001:00014760       TCanvas.RequiredState
 0001:000145C8       TCanvas.SetBrush
 0001:000145AC       TCanvas.SetFont
 0001:0001470C       TCanvas.SetHandle
 0001:000145BC       TCanvas.SetPen
 0001:000145F8       TCanvas.SetPenPos
 0001:00014644       TCanvas.SetPixel
 0001:0001446C       TCanvas.StretchDraw
 0001:000144A8       TCanvas.TextExtent
 0001:00014508       TCanvas.TextHeight
 0001:000144EC       TCanvas.TextWidth
 0001:00014528       TCanvas.TryLock
 0001:00014584       TCanvas.Unlock
 0001:0002E268       TChangeLink.Change
 0001:0002E234       TChangeLink.Destroy
 0001:00041A54       TClientPipe.CreatePipe
 0001:0000C988       TCollection.Add
 0001:0000C994       TCollection.Clear
 0001:00010F8C       TComponent.BeforeDestruction
 0001:000114A8       TComponent.ChangeName
 0001:00010EB8       TComponent.Create
 0001:00011240       TComponent.DefineProperties
 0001:00010F04       TComponent.Destroy
 0001:00011110       TComponent.DestroyComponents
 0001:00011168       TComponent.Destroying
 0001:000115E4       TComponent.ExecuteAction
 0001:000113CC       TComponent.FindComponent
 0001:00010F98       TComponent.FreeNotification
 0001:000112D4       TComponent.GetChildOwner
 0001:000112D8       TComponent.GetChildParent
 0001:000112CC       TComponent.GetChildren
 0001:000114BC       TComponent.GetComponent
 0001:000114E8       TComponent.GetComponentCount
 0001:000112DC       TComponent.GetNamePath
 0001:000112F0       TComponent.GetOwner
 0001:000112F8       TComponent.GetParentComponent
 0001:000112C8       TComponent.HasParent
 0001:0001102C       TComponent.Insert
 0001:00011080       TComponent.InsertComponent
 0001:00011318       TComponent.Loaded
 0001:000111E4       TComponent.Notification
 0001:00011654       TComponent.QueryInterface
 0001:00010FEC       TComponent.ReadLeft
 0001:00011324       TComponent.ReadState
 0001:00011000       TComponent.ReadTop
 0001:00011058       TComponent.Remove
 0001:000110D8       TComponent.RemoveComponent
 0001:000111C8       TComponent.RemoveFreeNotification
 0001:000111A4       TComponent.RemoveNotification
 0001:00011634       TComponent.SafeCallException
 0001:000112F4       TComponent.SetChildOrder
 0001:000114F8       TComponent.SetComponentIndex
 0001:0001154C       TComponent.SetDesigning
 0001:0001141C       TComponent.SetName
 0001:000112FC       TComponent.SetParentComponent
 0001:0001159C       TComponent.SetReference
 0001:0001160C       TComponent.UpdateAction
 0001:0001130C       TComponent.Updated
 0001:0001164C       TComponent.UpdateRegistry
 0001:00011300       TComponent.Updating
 0001:000113B4       TComponent.ValidateContainer
 0001:000113C8       TComponent.ValidateInsert
 0001:00011334       TComponent.ValidateRename
 0001:00011014       TComponent.WriteLeft
 0001:0001132C       TComponent.WriteState
 0001:00011020       TComponent.WriteTop
 0001:0002C3A8       TContainedAction.Destroy
 0001:0002C514       TContainedAction.Execute
 0001:0002C3DC       TContainedAction.GetIndex
 0001:0002C3F8       TContainedAction.GetParentComponent
 0001:0002C408       TContainedAction.HasParent
 0001:0002C3F4       TContainedAction.IsCategoryStored
 0001:0002C418       TContainedAction.ReadState
 0001:0002C4C0       TContainedAction.SetActionList
 0001:0002C494       TContainedAction.SetCategory
 0001:0002C44C       TContainedAction.SetIndex
 0001:0002C4E8       TContainedAction.SetParentComponent
 0001:0002C56C       TContainedAction.Update
 0001:000232E8       TControl.ActionChange
 0001:000236A8       TControl.AdjustSize
 0001:000234E0       TControl.AssignTo
 0001:00021E04       TControl.BeginAutoDrag
 0001:00021E1C       TControl.BeginDrag
 0001:00021A24       TControl.BringToFront
 0001:000227B0       TControl.CalcDockSizes
 0001:000225A8       TControl.CanAutoSize
 0001:000225AC       TControl.CanResize
 0001:0002144C       TControl.Changed
 0001:0002145C       TControl.ChangeScale
 0001:00022C50       TControl.CheckNewSize
 0001:00022A88       TControl.Click
 0001:00021358       TControl.ClientToScreen
 0001:000230A4       TControl.CMBiDiModeChanged
 0001:0002304C       TControl.CMColorChanged
 0001:0002316C       TControl.CMDesignHitTest
 0001:0002303C       TControl.CMEnabledChanged
 0001:00023288       TControl.CMFloat
 0001:00023044       TControl.CMFontChanged
 0001:00023730       TControl.CMHintShow
 0001:00023134       TControl.CMHitTest
 0001:0002313C       TControl.CMMouseEnter
 0001:00023154       TControl.CMMouseLeave
 0001:00023084       TControl.CMParentBiDiModeChanged
 0001:00023054       TControl.CMParentColorChanged
 0001:000230E4       TControl.CMParentFontChanged
 0001:000230BC       TControl.CMParentShowHintChanged
 0001:00023114       TControl.CMSysFontChanged
 0001:00023014       TControl.CMVisibleChanged
 0001:00022678       TControl.ConstrainedResize
 0001:000209E4       TControl.Create
 0001:00023174       TControl.CreateFloatingDockSite
 0001:00022AF4       TControl.DblClick
 0001:000220D4       TControl.DefaultDockImage
 0001:00022960       TControl.DefaultHandler
 0001:00022A38       TControl.DefineProperties
 0001:00020AB4       TControl.Destroy
 0001:000233DC       TControl.DoActionChange
 0001:000225DC       TControl.DoCanAutoSize
 0001:00022648       TControl.DoCanResize
 0001:00021084       TControl.Dock
 0001:00022074       TControl.DockTrackNoTarget
 0001:000226A8       TControl.DoConstrainedResize
 0001:0002259C       TControl.DoConstraintsChange
 0001:00023870       TControl.DoContextPopup
 0001:00021190       TControl.DoDock
 0001:00022224       TControl.DoDragMsg
 0001:00022088       TControl.DoEndDock
 0001:00021F78       TControl.DoEndDrag
 0001:00022B4C       TControl.DoMouseDown
 0001:00022E30       TControl.DoMouseUp
 0001:000220B4       TControl.DoStartDock
 0001:00021F58       TControl.DoStartDrag
 0001:00021EE0       TControl.DragCanceled
 0001:00021F2C       TControl.DragDrop
 0001:00021EE4       TControl.Dragging
 0001:00021EF0       TControl.DragOver
 0001:00022204       TControl.DrawDragDockImage
 0001:000236C4       TControl.DrawTextBiDiModeFlags
 0001:00023704       TControl.DrawTextBiDiModeFlagsReadingOnly
 0001:00022214       TControl.EraseDragDockImage
 0001:00021890       TControl.FontChanged
 0001:00020C28       TControl.GetAction
 0001:00023400       TControl.GetActionLinkClass
 0001:000211E8       TControl.GetBoundsRect
 0001:00021288       TControl.GetClientHeight
 0001:000212C8       TControl.GetClientOrigin
 0001:0002122C       TControl.GetClientRect
 0001:00021244       TControl.GetClientWidth
 0001:00021DB4       TControl.GetControlsAlignment
 0001:00021AD8       TControl.GetDeviceContext
 0001:000235C4       TControl.GetDockEdge
 0001:00020B6C       TControl.GetDragImages
 0001:00020B70       TControl.GetEnabled
 0001:00023674       TControl.GetFloating
 0001:000236A0       TControl.GetFloatingDockSiteClass
 0001:000219EC       TControl.GetMouseCapture
 0001:00020B74       TControl.GetPalette
 0001:00020B80       TControl.GetParentComponent
 0001:00022C4C       TControl.GetPopupMenu
 0001:000217E0       TControl.GetText
 0001:00021764       TControl.GetTextBuf
 0001:00021754       TControl.GetTextLen
 0001:00021770       TControl.GetUndockHeight
 0001:00021784       TControl.GetUndockWidth
 0001:00020B78       TControl.HasParent
 0001:00023720       TControl.InitiateAction
 0001:00021C98       TControl.Invalidate
 0001:00021C0C       TControl.InvalidateControl
 0001:00020CD4       TControl.IsAnchorsStored
 0001:000218FC       TControl.IsBiDiModeStored
 0001:00023408       TControl.IsCaptionStored
 0001:00021988       TControl.IsColorStored
 0001:00023428       TControl.IsEnabledStored
 0001:000218DC       TControl.IsFontStored
 0001:00023448       TControl.IsHintStored
 0001:00023488       TControl.IsOnClickStored
 0001:000218F0       TControl.IsShowHintStored
 0001:00023468       TControl.IsVisibleStored
 0001:000234A8       TControl.Loaded
 0001:00022314       TControl.ManualDock
 0001:000224FC       TControl.ManualFloat
 0001:00022B14       TControl.MouseDown
 0001:00022D8C       TControl.MouseMove
 0001:00022DF8       TControl.MouseUp
 0001:00020DB4       TControl.Notification
 0001:00020BAC       TControl.PaletteChanged
 0001:0002277C       TControl.Perform
 0001:00021FA4       TControl.PositionDockRect
 0001:000229E8       TControl.ReadIsControl
 0001:00020D20       TControl.ReadState
 0001:00021CBC       TControl.Repaint
 0001:00020CF0       TControl.RequestAlign
 0001:00020D00       TControl.Resize
 0001:00021384       TControl.ScreenToClient
 0001:000213B0       TControl.SendCancelMode
 0001:000213E0       TControl.SendDockNotification
 0001:00020C58       TControl.SetAction
 0001:00020DF8       TControl.SetAlign
 0001:00020C38       TControl.SetAnchors
 0001:000215A0       TControl.SetAutoSize
 0001:00021874       TControl.SetBiDiMode
 0001:00020E8C       TControl.SetBounds
 0001:00021208       TControl.SetBoundsRect
 0001:000212A0       TControl.SetClientHeight
 0001:00021664       TControl.SetClientSize
 0001:0002125C       TControl.SetClientWidth
 0001:0002196C       TControl.SetColor
 0001:000219D0       TControl.SetCursor
 0001:00020CEC       TControl.SetDragMode
 0001:0002173C       TControl.SetEnabled
 0001:000218CC       TControl.SetFont
 0001:00021064       TControl.SetHeight
 0001:00021000       TControl.SetLeft
 0001:000219FC       TControl.SetMouseCapture
 0001:000215C0       TControl.SetName
 0001:000216AC       TControl.SetParent
 0001:000219B0       TControl.SetParentBiDiMode
 0001:00021990       TControl.SetParentColor
 0001:00020B84       TControl.SetParentComponent
 0001:00021904       TControl.SetParentFont
 0001:00021948       TControl.SetParentShowHint
 0001:00021798       TControl.SetPopupMenu
 0001:00021924       TControl.SetShowHint
 0001:00021810       TControl.SetText
 0001:000217BC       TControl.SetTextBuf
 0001:00021020       TControl.SetTop
 0001:000216F8       TControl.SetVisible
 0001:00021044       TControl.SetWidth
 0001:00021AB4       TControl.SetZOrder
 0001:00021A34       TControl.SetZOrderPosition
 0001:00021CA8       TControl.Update
 0001:00020F24       TControl.UpdateAnchorRules
 0001:00022820       TControl.UpdateBoundsRect
 0001:00021DD0       TControl.UseRightToLeftAlignment
 0001:00021DB8       TControl.UseRightToLeftReading
 0001:00021DE8       TControl.UseRightToLeftScrollBar
 0001:00022844       TControl.VisibleChanging
 0001:00022F24       TControl.WMCancelMode
 0001:0002375C       TControl.WMContextMenu
 0001:00022BF8       TControl.WMLButtonDblClk
 0001:00022B90       TControl.WMLButtonDown
 0001:00022E6C       TControl.WMLButtonUp
 0001:00022D64       TControl.WMMButtonDblClk
 0001:00022D3C       TControl.WMMButtonDown
 0001:00022F04       TControl.WMMButtonUp
 0001:00022DBC       TControl.WMMouseMove
 0001:00022BDC       TControl.WMNCLButtonDown
 0001:00022D14       TControl.WMRButtonDblClk
 0001:00022CEC       TControl.WMRButtonDown
 0001:00022EE4       TControl.WMRButtonUp
 0001:00022F64       TControl.WMWindowPosChanged
 0001:00022848       TControl.WndProc
 0001:000229FC       TControl.WriteIsControl
 0001:000206FC       TControlActionLink.AssignClient
 0001:00020718       TControlActionLink.DoShowHint
 0001:00020800       TControlActionLink.IsCaptionLinked
 0001:00020874       TControlActionLink.IsEnabledLinked
 0001:000208A8       TControlActionLink.IsHintLinked
 0001:0002090C       TControlActionLink.IsOnExecuteLinked
 0001:000208DC       TControlActionLink.IsVisibleLinked
 0001:00020934       TControlActionLink.SetCaption
 0001:00020954       TControlActionLink.SetEnabled
 0001:00020974       TControlActionLink.SetHint
 0001:000209B8       TControlActionLink.SetOnExecute
 0001:00020998       TControlActionLink.SetVisible
 0001:00020498       TControlCanvas.CreateHandle
 0001:0002046C       TControlCanvas.Destroy
 0001:00020540       TControlCanvas.FreeHandle
 0001:00020574       TControlCanvas.SetControl
 0001:0002058C       TControlCanvas.UpdateTextFlags
 0001:00036FE8       TControlScrollBar.Assign
 0001:00037144       TControlScrollBar.CalcAutoRange
 0001:00037038       TControlScrollBar.ChangeBiDiPosition
 0001:000372D8       TControlScrollBar.ControlSize
 0001:00036F58       TControlScrollBar.Create
 0001:00037878       TControlScrollBar.DoSetRange
 0001:00036FE0       TControlScrollBar.IsIncrementStored
 0001:000378A4       TControlScrollBar.IsRangeStored
 0001:000371F0       TControlScrollBar.IsScrollBarVisible
 0001:00037358       TControlScrollBar.NeedsScrollBarVisible
 0001:000373D0       TControlScrollBar.ScrollMessage
 0001:000376C8       TControlScrollBar.SetButtonSize
 0001:0003770C       TControlScrollBar.SetColor
 0001:00037728       TControlScrollBar.SetParentColor
 0001:00037740       TControlScrollBar.SetPosition
 0001:00037890       TControlScrollBar.SetRange
 0001:00037804       TControlScrollBar.SetSize
 0001:00037848       TControlScrollBar.SetStyle
 0001:00037860       TControlScrollBar.SetThumbSize
 0001:000378B0       TControlScrollBar.SetVisible
 0001:000379C4       TControlScrollBar.Update
 0001:0002CA00       TCustomAction.AssignTo
 0001:0002C980       TCustomAction.Create
 0001:0002C9C8       TCustomAction.Destroy
 0001:0002CDAC       TCustomAction.DoHint
 0001:0002CDCC       TCustomAction.Execute
 0001:0002CA7C       TCustomAction.SetCaption
 0001:0002CAE4       TCustomAction.SetChecked
 0001:0002CB3C       TCustomAction.SetEnabled
 0001:0002CB94       TCustomAction.SetHelpContext
 0001:0002CBEC       TCustomAction.SetHint
 0001:0002CC54       TCustomAction.SetImageIndex
 0001:0002CD60       TCustomAction.SetName
 0001:0002CCAC       TCustomAction.SetShortCut
 0001:0002CD08       TCustomAction.SetVisible
 0001:0002C77C       TCustomActionList.AddAction
 0001:0002C7B8       TCustomActionList.Change
 0001:0002C5C4       TCustomActionList.Create
 0001:0002C62C       TCustomActionList.Destroy
 0001:0002C880       TCustomActionList.ExecuteAction
 0001:0002C67C       TCustomActionList.GetChildren
 0001:0002C728       TCustomActionList.ImageListChange
 0001:0002C820       TCustomActionList.IsShortCut
 0001:0002C734       TCustomActionList.Notification
 0001:0002C79C       TCustomActionList.RemoveAction
 0001:0002C6C4       TCustomActionList.SetChildOrder
 0001:0002C6F4       TCustomActionList.SetImages
 0001:0002C8A0       TCustomActionList.UpdateAction
 0001:000291D0       TCustomControl.Create
 0001:0002922C       TCustomControl.Destroy
 0001:00029328       TCustomControl.Paint
 0001:0002927C       TCustomControl.PaintWindow
 0001:0002925C       TCustomControl.WMPaint
 0001:0003CD50       TCustomDockForm.CMControlListChange
 0001:0003CDA8       TCustomDockForm.CMDockNotification
 0001:0003CE8C       TCustomDockForm.CMUnDockClient
 0001:0003CEA4       TCustomDockForm.CMVisibleChanged
 0001:0003CAA8       TCustomDockForm.Create
 0001:0003CB10       TCustomDockForm.DoAddDockClient
 0001:0003CBF8       TCustomDockForm.DoRemoveDockClient
 0001:0003CC64       TCustomDockForm.GetSiteInfo
 0001:0003CC18       TCustomDockForm.Loaded
 0001:0003CC90       TCustomDockForm.WMNCHitTest
 0001:0003CCB8       TCustomDockForm.WMNCLButtonDown
 0001:0001C4C4       TCustomEdit.AdjustHeight
 0001:0001C56C       TCustomEdit.Change
 0001:0001C12C       TCustomEdit.Clear
 0001:0001C608       TCustomEdit.CMCtl3DChanged
 0001:0001C684       TCustomEdit.CMEnter
 0001:0001C63C       TCustomEdit.CMFontChanged
 0001:0001C6C0       TCustomEdit.CMTextChanged
 0001:0001C664       TCustomEdit.CNCommand
 0001:0001BDB4       TCustomEdit.Create
 0001:0001C29C       TCustomEdit.CreateParams
 0001:0001C358       TCustomEdit.CreateWindowHandle
 0001:0001C3C8       TCustomEdit.CreateWnd
 0001:0001C590       TCustomEdit.DefaultHandler
 0001:0001C46C       TCustomEdit.DestroyWnd
 0001:0001BE5C       TCustomEdit.DoSetMaxLength
 0001:0001BF20       TCustomEdit.GetModified
 0001:0001C098       TCustomEdit.GetSelLength
 0001:0001C054       TCustomEdit.GetSelStart
 0001:0001C200       TCustomEdit.GetSelText
 0001:0001C164       TCustomEdit.GetSelTextBuf
 0001:0001C148       TCustomEdit.SelectAll
 0001:0001BE7C       TCustomEdit.SetAutoSize
 0001:0001BE90       TCustomEdit.SetBorderStyle
 0001:0001BEB4       TCustomEdit.SetCharCase
 0001:0001BEC8       TCustomEdit.SetHideSelection
 0001:0001BEDC       TCustomEdit.SetMaxLength
 0001:0001BF58       TCustomEdit.SetModified
 0001:0001BF0C       TCustomEdit.SetOEMConvert
 0001:0001BF90       TCustomEdit.SetPasswordChar
 0001:0001C018       TCustomEdit.SetReadOnly
 0001:0001C0C8       TCustomEdit.SetSelLength
 0001:0001C078       TCustomEdit.SetSelStart
 0001:0001C488       TCustomEdit.UpdateHeight
 0001:0001C5C8       TCustomEdit.WMSetFont
 0001:0003AE58       TCustomForm.Activate
 0001:0003AC5C       TCustomForm.ActiveChanged
 0001:00038570       TCustomForm.AfterConstruction
 0001:000397E4       TCustomForm.AlignControls
 0001:00038708       TCustomForm.BeforeDestruction
 0001:00038DC4       TCustomForm.BeginAutoDrag
 0001:00038DC8       TCustomForm.ChangeScale
 0001:0003971C       TCustomForm.ClientWndProc
 0001:0003C10C       TCustomForm.Close
 0001:0003C214       TCustomForm.CloseModal
 0001:0003C1B0       TCustomForm.CloseQuery
 0001:0003C7D8       TCustomForm.CMActionExecute
 0001:0003C8D8       TCustomForm.CMActionUpdate
 0001:0003B9C8       TCustomForm.CMActivate
 0001:0003B55C       TCustomForm.CMAppSysCommand
 0001:00039820       TCustomForm.CMBiDiModeChanged
 0001:00039F60       TCustomForm.CMColorChanged
 0001:00039F9C       TCustomForm.CMCtl3DChanged
 0001:0003B9E8       TCustomForm.CMDeactivate
 0001:0003BA08       TCustomForm.CMDialogKey
 0001:00039FE4       TCustomForm.CMFontChanged
 0001:0003C020       TCustomForm.CMIconChanged
 0001:0003A004       TCustomForm.CMMenuChanged
 0001:000398B8       TCustomForm.CMParentBiDiModeChanged
 0001:0003C0A0       TCustomForm.CMParentFontChanged
 0001:0003C040       TCustomForm.CMRelease
[...]
 0001:0003F7C0       TApplication.SetShowHint
 0001:0003F800       TApplication.DoActionIdle
 0001:0003F864       TApplication.DoMouseIdle
 0001:0003F8E8       TApplication.Idle
 0001:0003F9F4       TApplication.NotifyForms
 0001:0003FA30       TApplication.IconChanged
 0001:0003FA94       TApplication.SetHint
 0001:0003FB28       SetVisible
 0001:0003FB84       TApplication.UpdateVisible
 0001:0003FC0C       TApplication.StartHintTimer
 0001:0003FC44       TApplication.StopHintTimer
 0001:0003FC64       TApplication.HintMouseMessage
 0001:0003FD70       TApplication.HintTimerExpired
 0001:0003FDA4       TApplication.HideHint
 0001:0003FDE0       TApplication.CancelHint
 0001:0003FE08       FindScanline
 0001:0003FE18       GetCursorHeightMargin
 0001:0003FF6C       ValidateHintWindow
 0001:0003FFC0       TApplication.ActivateHint
 0001:00040368       TApplication.DispatchAction
 0001:000403F8       TApplication.ExecuteAction
 0001:00040420       TApplication.UpdateAction
 0001:00040458       Finalization
 0001:000404AC       Forms
 0001:000404CC       Finalization
 0001:000404FC       ShellAPI
 0001:00040504       Finalization
 0001:00040534       RegStr
 0001:0004053C       Finalization
 0001:0004056C       WinInet
 0001:00040574       Finalization
 0001:000405A4       UrlMon
 0001:000405AC       Finalization
 0001:000405DC       ShlObj
 0001:000405E4       Finalization
 0001:00040614       CommDlg
 0001:0004061C       Finalization
 0001:0004064C       ExtCtrls
 0001:00040654       Finalization
 0001:00040684       Dlgs
 0001:00040730       InitGlobals
 0001:00040884       Finalization
 0001:000408E0       Dialogs
 0001:00040F6C       TSWHCustomPipe.Destroy
 0001:00040FA8       TSWHCustomPipe.Create
 0001:00041018       TSWHCustomPipe.Open
 0001:000410B0       TSWHCustomPipe.Close
 0001:000410E0       TSWHCustomPipe.Send
 0001:00041148       TSWHServerPipe.CreatePipe
 0001:0004117C       TSWHClientPipe.CreatePipe
 0001:000411B0       TSWHMultiServerPipe.Create
 0001:00041204       TSWHMultiServerPipe.Open
 0001:000412EC       TSWHMultiServerPipe.Close
 0001:00041364       LastError
 0001:00041398       TAbstractPipe.Create
 0001:000414B0       TAbstractPipe.Destroy
 0001:0004151C       TAbstractPipe.DoReadData
 0001:00041554       TAbstractPipe.Execute
 0001:00041574       TAbstractPipe.ReadData
 0001:0004161C       TAbstractPipe.Write
 0001:0004171C       TServerPipe.CreateOwned
 0001:000417C8       TServerPipe.CreatePipe
 0001:00041908       TServerPipe.Destroy
 0001:00041944       TServerPipe.DoReadData
 0001:00041984       TServerPipe.Execute
 0001:00041A08       TServerPipe.SetMultiServer
 0001:00041A54       TClientPipe.CreatePipe
 0001:00041B70       TMultiServerPipe.Add
 0001:00041BA0       TMultiServerPipe.DoReadData
 0001:00041BD8       TMultiServerPipe.InsertItem
 0001:00041C4C       TMultiServerPipe.RemoveItem
 0001:00041CC0       Finalization
 0001:00041CF0       Pipes
 0001:000420A0       BufferToString
 0001:000420D4       TForm1.Button1Click
 0001:0004214C       TForm1.Button3Click
 0001:0004216C       TForm1.Button4Click
 0001:000421E4       TForm1.Button2Click
 0001:0004225C       TForm1.SWHClientPipe1Received
 0001:000422C4       TForm1.SWHServerPipe1Received
 0001:0004232C       TForm1.Button5Click
 0001:0004234C       TForm1.Button6Click
 0001:000423C4       TForm1.Button7Click
 0001:000423E4       TForm1.Button8Click
 0001:00042404       TForm1.Button9Click
 0001:00042424       Finalization
 0001:00042454       Unit1
 0001:0004245C       Finalization
 0001:000425C4       Project1
 0002:00000000       Default8087CW
 0002:00000004       HeapAllocFlags
 0002:00000008       DebugHook
 0002:0000000C       JITEnable
 0002:00000010       NoErrMsg
 0002:00000014       LibModuleList
 0002:00000018       ModuleUnloadList
 0002:0000001C       MemoryManager
 0002:00000028       runErrMsg
 0002:00000048       errCaption
 0002:00000050       dig
 0002:00000060       .
 0002:000000A4       Module
 0002:000000BC       EmptyStr
 0002:000000C0       Win32Platform
 0002:000000C4       Win32MajorVersion
 0002:000000C8       Win32MinorVersion
 0002:000000CC       Win32BuildNumber
 0002:000000D0       Win32CSDVersion
 0002:000000D4       LeadBytes
 0002:000000F4       HexDisplayPrefix
 0002:000000F8       GetDiskFreeSpaceEx
 0002:000000FC       ExitProcList
 0002:00000100       AccessMode
 0002:0000010C       ShareMode
 0002:00000120       FormatErrorStrs
 0002:00000128       DefShortMonthNames
 0002:00000158       DefLongMonthNames
 0002:00000188       DefShortDayNames
 0002:000001A4       DefLongDayNames
 0002:000001C0       ErrorMap
 0002:000001F8       ExceptMap
 0002:000002A8       TerminateProcList
 0002:000002AC       BooleanIdents
 0002:000002B4       DotSep
 0002:000002B8       C10000
 0002:000002BC       FilerSignature
 0002:000002C0       NilMethod
 0002:000002C8       ValTtoVarT
 0002:00000318       ThreadWindowClass
 0002:00000340       DefFontData
 0002:0000036C       DDBsOnly
 0002:00000370       Colors
 0002:000004C0       FontCharsets
 0002:00000550       DefPenData
 0002:00000560       PenStyles
 0002:00000570       DefBrushData
 0002:00000580       PenModes
 0002:000005A0       ClipboardFormats
 0002:000005A4       FileFormats
 0002:000005A8       BitmapCanvasList
 0002:000005AC       DIBPalSizes
 0002:000005B0       PalSize
 0002:000005B4       Pal16
 0002:000005F4       FPrinter
 0002:000005F8       BorderStyles
 0002:00000600       Alignments
 0002:00000608       WordWraps
 0002:0000060C       WordWraps
 0002:00000610       Passwords
 0002:00000618       ReadOnlys
 0002:00000620       CharCases
 0002:0000062C       HideSelections
 0002:00000634       OEMConverts
 0002:0000063C       ButtonStyles
 0002:00000644       CreationControl
 0002:00000648       DefaultDockTreeClass
 0002:0000064C       AnchorAlign
 0002:00000654       Cursors
 0002:00000704       CaptureControl
 0002:00000708       ShowFlags
 0002:0000070C       WindowPos
 0002:00000710       InnerStyles
 0002:00000720       OuterStyles
 0002:00000730       EdgeStyles
 0002:00000740       Ctl3DStyles
 0002:00000748       OrientArray
 0002:00000750       MakeLast
 0002:00000758       TreeStreamEndFlag
 0002:0000075C       SizeCursors
 0002:00000764       IMM32DLL
 0002:00000768       ModeMap
 0002:00000770       Mask
 0002:00000778       DrawingStyles
 0002:00000788       Images
 0002:00000790       ValidMenuHotkeys
 0002:00000794       cMenuAutoFlagToItem
 0002:00000798       cItemAutoFlagToMenu
 0002:0000079C       cBooleanToItemAutoFlag
 0002:000007A0       cItemAutoFlagToBoolean
 0002:000007A4       MenuKeyCaps
 0002:000007EC       Checks
 0002:000007F4       Enables
 0002:000007FC       Breaks
 0002:00000808       Separators
 0002:00000810       IBreaks
 0002:0000081C       IChecks
 0002:00000824       IDefaults
 0002:0000082C       IEnables
 0002:00000834       IRadios
 0002:0000083C       ISeparators
 0002:00000844       IRTL
 0002:0000084C       IOwnerDraw
 0002:00000854       Alignments
 0002:0000085C       EdgeStyle
 0002:00000864       Alignments
 0002:0000086C       Flags
 0002:00000878       Buttons
 0002:0000087C       HintWindowClass
 0002:00000880       FocusMessages
 0002:00000884       FocusCount
 0002:00000888       TaskActiveWindow
 0002:0000088C       TaskFirstWindow
 0002:00000890       TaskFirstTopMost
 0002:00000894       TaskWindowList
 0002:00000898       BlockCode
 0002:0000089C       UtilWindowClass
 0002:000008C4       SysConsts
 0002:000008CC       SysConsts
 0002:000008D4       Props
 0002:000008FC       Styles
 0002:00000908       BorderStyles
 0002:00000910       ShowCommands
 0002:0000091C       ShowCommands
 0002:00000928       ShowCommands
 0002:00000934       CursorMap
 0002:00000988       WindowClass
 0002:000009B0       AppVisible
 0002:000009B4       ShowFlags
 0002:000009B8       WndProcPtrAtom
 0002:000009BC       Captions
 0002:000009D0       ButtonNames
 0002:000009FC       ButtonCaptions
 0002:00001000       ExceptProc
 0002:00001004       ErrorProc
 0002:00001008       ExceptClsProc
 0002:0000100C       ExceptObjProc
 0002:00001010       ExceptionClass
 0002:00001014       AssertErrorProc
 0002:00001018       AbstractErrorProc
 0002:0000101C       MainInstance
 0002:00001020       MainThreadID
 0002:00001024       IsLibrary
 0002:00001028       CmdShow
 0002:0000102C       CmdLine
 0002:00001030       InitProc
 0002:00001034       ExitCode
 0002:00001038       ExitProc
 0002:0000103C       ErrorAddr
 0002:00001040       RandSeed
 0002:00001044       IsConsole
 0002:00001045       IsMultiThread
 0002:00001046       FileMode
 0002:00001047       Test8086
 0002:00001048       Test8087
 0002:0000104C       Input
 0002:00001218       Output
 0002:000013E4       ClearAnyProc
 0002:000013E8       ChangeAnyProc
 0002:000013EC       RefAnyProc
 0002:000013F0       Unassigned
 0002:00001400       Null
 0002:00001410       EmptyParam
 0002:00001420       AllocMemCount
 0002:00001424       AllocMemSize
 0002:00001428       .3
 0002:0000142C       initialized
 0002:00001430       heapErrorCode
 0002:00001434       heapLock
 0002:0000144C       blockDescBlockList
 0002:00001450       blockDescFreeList
 0002:00001454       spaceRoot
 0002:00001464       decommittedRoot
 0002:00001474       avail
 0002:00001480       rover
 0002:00001484       remBytes
 0002:00001488       curAlloc
 0002:0000148C       smallTab
 0002:00001490       committedRoot
 0002:000014A0       InitContext
 0002:000014CC       ModuleIsLib
 0002:000014CD       ModuleIsCpp
 0002:000014D0       TlsIndex
 0002:000014D8       HInstance
 0002:000014DC       .1
 0002:000014E0       TlsBuffer
 0002:000014E4       .3
 0002:000014E8       .1
 0002:000014EC       .1
 0002:000014F0       CurrencyString
 0002:000014F4       CurrencyFormat
 0002:000014F5       NegCurrFormat
 0002:000014F6       ThousandSeparator
 0002:000014F7       DecimalSeparator
 0002:000014F8       CurrencyDecimals
 0002:000014F9       DateSeparator
 0002:000014FC       ShortDateFormat
 0002:00001500       LongDateFormat
 0002:00001504       TimeSeparator
 0002:00001508       TimeAMString
 0002:0000150C       TimePMString
 0002:00001510       ShortTimeFormat
 0002:00001514       LongTimeFormat
 0002:00001518       ShortMonthNames
 0002:00001548       LongMonthNames
 0002:00001578       ShortDayNames
 0002:00001594       LongDayNames
 0002:000015B0       SysLocale
 0002:000015BC       EraNames
 0002:000015D8       EraYearOffsets
 0002:000015F4       ListSeparator
 0002:000015F8       .44
 0002:000015FC       OutOfMemory
 0002:00001600       InvalidPointer
 0002:00001604       FLanguages
 0002:00001608       .3
 0002:0000160C       .1
 0002:00001610       .5
 0002:00001614       GlobalNameSpace
 0002:00001618       FindGlobalComponent
 0002:0000161C       .84
 0002:00001620       ClassList
 0002:00001624       ClassAliasList
 0002:00001628       IntConstList
 0002:0000162C       GlobalFixupList
 0002:00001630       ThreadLock
 0002:00001648       ThreadWindow
 0002:0000164C       ThreadCount
 0002:00001650       SystemPalette16
 0002:00001654       .81
 0002:00001658       ScreenLogPixels
 0002:0000165C       StockPen
 0002:00001660       StockBrush
 0002:00001664       StockFont
 0002:00001668       StockIcon
 0002:0000166C       BitmapImageLock
 0002:00001684       CounterLock
 0002:0000169C       FontManager
 0002:000016A0       PenManager
 0002:000016A4       BrushManager
 0002:000016A8       CanvasList
 0002:000016AC       PatternManager
 0002:000016B0       .9
 0002:000016B4       .1
 0002:000016B8       GetSystemMetrics
 0002:000016BC       MonitorFromWindow
 0002:000016C0       MonitorFromRect
 0002:000016C4       MonitorFromPoint
 0002:000016C8       GetMonitorInfoA
 0002:000016CC       GetMonitorInfoW
 0002:000016D0       GetMonitorInfo
 0002:000016D4       EnumDisplayMonitors
 0002:000016D8       .1
 0002:000016DC       User32Dll
 0002:000016E0       InitApis
 0002:000016E8       MMAvailable
 0002:000016EC       .1
 0002:000016F0       .2
 0002:000016F4       .3
 0002:000016F8       .3
 0002:000016FC       FlatSB_EnableScrollBar
 0002:00001700       FlatSB_ShowScrollBar
 0002:00001704       FlatSB_GetScrollRange
 0002:00001708       FlatSB_GetScrollInfo
 0002:0000170C       FlatSB_GetScrollPos
 0002:00001710       FlatSB_SetScrollPos
 0002:00001714       FlatSB_SetScrollInfo
 0002:00001718       FlatSB_SetScrollRange
 0002:0000171C       .1
 0002:00001720       _FlatSB_GetScrollProp
 0002:00001724       _FlatSB_SetScrollProp
 0002:00001728       _InitializeFlatSB
 0002:0000172C       _UninitializeFlatSB
 0002:00001730       .22
 0002:00001734       CF_PICTURE
 0002:00001736       CF_COMPONENT
 0002:00001738       .2
 0002:0000173C       FClipboard
 0002:00001740       .02
 0002:00001744       Mouse
 0002:00001748       NewStyleControls
 0002:0000174C       .22
 0002:00001750       WindowAtom
 0002:00001752       ControlAtom
 0002:00001754       DragControl
 0002:00001758       DragObject
 0002:0000175C       DragFreeObject
 0002:00001760       DragCapture
 0002:00001764       DragStartPos
 0002:0000176C       DragSaveCursor
 0002:00001770       DragThreshold
 0002:00001774       ActiveDrag
 0002:00001778       DragImageList
 0002:0000177C       DockSiteList
 0002:00001780       QualifyingSites
 0002:00001784       CanvasList
 0002:00001788       _WINNLSEnableIME
 0002:0000178C       _ImmGetContext
 0002:00001790       _ImmReleaseContext
 0002:00001794       _ImmGetConversionStatus
 0002:00001798       _ImmSetConversionStatus
 0002:0000179C       _ImmSetOpenStatus
 0002:000017A0       _ImmSetCompositionWindow
 0002:000017A4       _ImmSetCompositionFont
 0002:000017A8       _ImmGetCompositionString
 0002:000017AC       _ImmIsIME
 0002:000017B0       _ImmNotifyIME
 0002:000017B4       .7
 0002:000017B8       .3
 0002:000017BC       PopupList
 0002:000017C0       ShortCutItems
 0002:000017C4       .9
 0002:000017C8       CommandPool
 0002:000017CC       Application
 0002:000017D0       Screen
 0002:000017D4       .51
 0002:000017D8       InstBlockList
 0002:000017DC       InstFreeList
 0002:000017E0       HintThreadID
 0002:000017E4       HintDoneEvent
 0002:000017E8       HintHook
 0002:000017EC       HintThread
 0002:000017F0       .1
 0002:000017F4       .1
 0002:000017F8       .1
 0002:000017FC       .1
 0002:00001800       .1
 0002:00001804       .1
 0002:00001808       .61
 0002:0000180C       .1
 0002:00001810       .01
 0002:00001814       HelpMsg
 0002:00001818       FindMsg
 0002:0000181C       .01
 0002:00001820       Form1
 0002:00001824       .2


Line numbers for Pipes(Pipes.pas) segment .text

   167 0001:00040F6C   168 0001:00040F7D   169 0001:00040F85   170 0001:00040FA1
   173 0001:00040FA8   174 0001:00040FC3   175 0001:00040FD0   176 0001:00040FDB
   177 0001:00041008   180 0001:00041018   181 0001:0004101F   182 0001:0004102B
   183 0001:00041041   184 0001:00041052   185 0001:0004106A   186 0001:00041077
   187 0001:00041085   190 0001:000410B0   191 0001:000410B7   193 0001:000410C3
   194 0001:000410D1   196 0001:000410DC   201 0001:000410E0   202 0001:000410EF
   203 0001:000410FB   205 0001:00041115   206 0001:0004112B   209 0001:00041148
   210 0001:00041151   211 0001:00041178   214 0001:0004117C   215 0001:00041185
   216 0001:000411AC   219 0001:000411B0   220 0001:000411CB   221 0001:000411D8
   222 0001:000411FF   227 0001:00041204   228 0001:0004120D   229 0001:00041219
   230 0001:0004122F   231 0001:00041244   233 0001:0004125C   234 0001:0004126D
   235 0001:00041285   236 0001:00041292   237 0001:000412A0   238 0001:000412B7
   231 0001:000412BA   239 0001:000412BF   244 0001:000412EC   245 0001:000412F5
   246 0001:00041301   248 0001:00041316   249 0001:0004132C   250 0001:0004133D
   246 0001:00041340   251 0001:00041346   252 0001:00041354   253 0001:0004135F
   260 0001:00041364   267 0001:0004136D   269 0001:00041389   270 0001:00041394
   276 0001:00041398   277 0001:000413D1   278 0001:000413DD   279 0001:000413ED
   280 0001:00041400   281 0001:0004140C   283 0001:0004141A   284 0001:00041421
   285 0001:0004142F   286 0001:0004143A   287 0001:00041443   288 0001:0004144B
   289 0001:0004149B   292 0001:000414B0   293 0001:000414C1   295 0001:000414CA
   296 0001:000414D6   298 0001:000414E2   299 0001:000414EE   300 0001:000414F9
   301 0001:00041515   304 0001:0004151C   305 0001:0004152C   306 0001:0004154C
   309 0001:00041554   310 0001:0004155D   311 0001:0004156E   316 0001:00041574
   317 0001:0004157E   318 0001:00041587   319 0001:0004158E   320 0001:00041596
   321 0001:0004159E   323 0001:000415A6   324 0001:000415C9   325 0001:000415D7
   326 0001:000415F4   327 0001:0004160B   328 0001:00041617   333 0001:0004161C
   334 0001:00041645   335 0001:00041669   336 0001:0004166F   337 0001:000416DB
   342 0001:0004171C   343 0001:00041737   344 0001:0004173D   345 0001:00041753
   346 0001:0004176F   347 0001:00041793   352 0001:000417C8   353 0001:000417E4
   360 0001:00041837   362 0001:00041840   363 0001:00041848   365 0001:000418B4
   368 0001:00041908   369 0001:00041919   370 0001:00041923   371 0001:0004193F
   374 0001:00041944   375 0001:00041953   376 0001:00041961   377 0001:0004196A
   378 0001:0004197F   383 0001:00041984   384 0001:0004198D   385 0001:00041996
   386 0001:000419A9   387 0001:000419BA   388 0001:000419C6   389 0001:000419D6
   390 0001:000419DF   391 0001:000419E8   393 0001:000419FC   394 0001:00041A04
   397 0001:00041A08   398 0001:00041A14   400 0001:00041A1F   401 0001:00041A36
   402 0001:00041A47   404 0001:00041A50   409 0001:00041A54   410 0001:00041A6F
   413 0001:00041AA8   414 0001:00041AB1   415 0001:00041AFB   416 0001:00041B24
   421 0001:00041B70   422 0001:00041B79   423 0001:00041B8B   424 0001:00041B99
   459 0001:00041BA0   460 0001:00041BB0   461 0001:00041BBA   462 0001:00041BD1
   470 0001:00041BD8   471 0001:00041BE4   472 0001:00041BF6   473 0001:00041C02
   474 0001:00041C10   475 0001:00041C1E   477 0001:00041C34   480 0001:00041C48
   483 0001:00041C4C   484 0001:00041C58   485 0001:00041C69   486 0001:00041C75
   487 0001:00041C83   488 0001:00041C8B   490 0001:00041CA6   493 0001:00041CBA
   500 0001:00041CF0   500 0001:00041CF7

Line numbers for Unit1(unit1.pas) segment .text

    62 0001:000420A0    63 0001:000420AF    64 0001:000420BA    65 0001:000420CF
    68 0001:000420D4    69 0001:000420F3    70 0001:0004211C    71 0001:00042147
    74 0001:0004214C    75 0001:00042158    76 0001:00042166    81 0001:0004216C
    82 0001:0004218C    83 0001:0004219D    84 0001:000421DC    89 0001:000421E4
    90 0001:00042204    91 0001:00042215    92 0001:00042254    96 0001:0004225C
    97 0001:0004227F    98 0001:000422BB   102 0001:000422C4   103 0001:000422E7
   104 0001:00042323   107 0001:0004232C   108 0001:00042338   109 0001:00042346
   114 0001:0004234C   115 0001:0004236C   116 0001:0004237D   117 0001:000423BC
   120 0001:000423C4   121 0001:000423D0   122 0001:000423DE   125 0001:000423E4
   126 0001:000423F0   127 0001:000423FE   130 0001:00042404   131 0001:00042410
   132 0001:0004241E   134 0001:00042454   134 0001:0004245B

Line numbers for Project1(C:\Projetos\Testes\Project1.dpr) segment .text

     9 0001:000425C4    10 0001:000425D4    11 0001:000425E0    12 0001:000425F8
    13 0001:00042604

Bound resource files

c:\program files\borland\delphi5\Lib\CONTROLS.RES
Unit1.DFM
Project1.RES
Project1.drf


Program entry point at 0001:000425C4
